<?xml version="1.0"?>
<link_info>
   <banner>TI ARM Linker Unix v16.9.6.LTS</banner>
   <copyright>Copyright (c) 1996-2017 Texas Instruments Incorporated</copyright>
   <link_time>0x5c844df8</link_time>
   <link_errors>0x0</link_errors>
   <output_file>Test2_copy.out</output_file>
   <entry_point>
      <name>_c_int00</name>
      <address>0x90b4</address>
   </entry_point>
   <input_file_list>
      <input_file id="fl-2">
         <path>./source/</path>
         <kind>object</kind>
         <file>adc.obj</file>
         <name>adc.obj</name>
      </input_file>
      <input_file id="fl-3">
         <path>./source/</path>
         <kind>object</kind>
         <file>dabort.obj</file>
         <name>dabort.obj</name>
      </input_file>
      <input_file id="fl-4">
         <path>./source/</path>
         <kind>object</kind>
         <file>esm.obj</file>
         <name>esm.obj</name>
      </input_file>
      <input_file id="fl-5">
         <path>./source/</path>
         <kind>object</kind>
         <file>gio.obj</file>
         <name>gio.obj</name>
      </input_file>
      <input_file id="fl-6">
         <path>./source/</path>
         <kind>object</kind>
         <file>het.obj</file>
         <name>het.obj</name>
      </input_file>
      <input_file id="fl-7">
         <path>./source/</path>
         <kind>object</kind>
         <file>notification.obj</file>
         <name>notification.obj</name>
      </input_file>
      <input_file id="fl-8">
         <path>./source/</path>
         <kind>object</kind>
         <file>pinmux.obj</file>
         <name>pinmux.obj</name>
      </input_file>
      <input_file id="fl-9">
         <path>./source/</path>
         <kind>object</kind>
         <file>sci.obj</file>
         <name>sci.obj</name>
      </input_file>
      <input_file id="fl-a">
         <path>./source/</path>
         <kind>object</kind>
         <file>sys_core.obj</file>
         <name>sys_core.obj</name>
      </input_file>
      <input_file id="fl-b">
         <path>./source/</path>
         <kind>object</kind>
         <file>sys_dma.obj</file>
         <name>sys_dma.obj</name>
      </input_file>
      <input_file id="fl-c">
         <path>./source/</path>
         <kind>object</kind>
         <file>sys_intvecs.obj</file>
         <name>sys_intvecs.obj</name>
      </input_file>
      <input_file id="fl-d">
         <path>./source/</path>
         <kind>object</kind>
         <file>sys_main.obj</file>
         <name>sys_main.obj</name>
      </input_file>
      <input_file id="fl-e">
         <path>./source/</path>
         <kind>object</kind>
         <file>sys_mpu.obj</file>
         <name>sys_mpu.obj</name>
      </input_file>
      <input_file id="fl-f">
         <path>./source/</path>
         <kind>object</kind>
         <file>sys_pcr.obj</file>
         <name>sys_pcr.obj</name>
      </input_file>
      <input_file id="fl-10">
         <path>./source/</path>
         <kind>object</kind>
         <file>sys_phantom.obj</file>
         <name>sys_phantom.obj</name>
      </input_file>
      <input_file id="fl-11">
         <path>./source/</path>
         <kind>object</kind>
         <file>sys_pmm.obj</file>
         <name>sys_pmm.obj</name>
      </input_file>
      <input_file id="fl-12">
         <path>./source/</path>
         <kind>object</kind>
         <file>sys_pmu.obj</file>
         <name>sys_pmu.obj</name>
      </input_file>
      <input_file id="fl-13">
         <path>./source/</path>
         <kind>object</kind>
         <file>sys_selftest.obj</file>
         <name>sys_selftest.obj</name>
      </input_file>
      <input_file id="fl-14">
         <path>./source/</path>
         <kind>object</kind>
         <file>sys_startup.obj</file>
         <name>sys_startup.obj</name>
      </input_file>
      <input_file id="fl-15">
         <path>./source/</path>
         <kind>object</kind>
         <file>sys_vim.obj</file>
         <name>sys_vim.obj</name>
      </input_file>
      <input_file id="fl-16">
         <path>./source/</path>
         <kind>object</kind>
         <file>system.obj</file>
         <name>system.obj</name>
      </input_file>
      <input_file id="fl-1a">
         <kind>object</kind>
         <file>&lt;internal&gt;</file>
         <name>&lt;internal&gt;</name>
      </input_file>
      <input_file id="fl-1b">
         <path>/home/tiger/ADCS/workspace/ccsv7/tools/compiler/ti-cgt-arm_16.9.6.LTS/lib/</path>
         <kind>archive</kind>
         <file>rtsv7R4_T_be_v3D16_eabi.lib</file>
         <name>autoinit.obj</name>
      </input_file>
      <input_file id="fl-1c">
         <path>/home/tiger/ADCS/workspace/ccsv7/tools/compiler/ti-cgt-arm_16.9.6.LTS/lib/</path>
         <kind>archive</kind>
         <file>rtsv7R4_T_be_v3D16_eabi.lib</file>
         <name>copy_decompress_lzss.obj</name>
      </input_file>
      <input_file id="fl-1d">
         <path>/home/tiger/ADCS/workspace/ccsv7/tools/compiler/ti-cgt-arm_16.9.6.LTS/lib/</path>
         <kind>archive</kind>
         <file>rtsv7R4_T_be_v3D16_eabi.lib</file>
         <name>copy_decompress_none.obj</name>
      </input_file>
      <input_file id="fl-1e">
         <path>/home/tiger/ADCS/workspace/ccsv7/tools/compiler/ti-cgt-arm_16.9.6.LTS/lib/</path>
         <kind>archive</kind>
         <file>rtsv7R4_T_be_v3D16_eabi.lib</file>
         <name>copy_zero_init.obj</name>
      </input_file>
      <input_file id="fl-1f">
         <path>/home/tiger/ADCS/workspace/ccsv7/tools/compiler/ti-cgt-arm_16.9.6.LTS/lib/</path>
         <kind>archive</kind>
         <file>rtsv7R4_T_be_v3D16_eabi.lib</file>
         <name>cpy_tbl.obj</name>
      </input_file>
      <input_file id="fl-20">
         <path>/home/tiger/ADCS/workspace/ccsv7/tools/compiler/ti-cgt-arm_16.9.6.LTS/lib/</path>
         <kind>archive</kind>
         <file>rtsv7R4_T_be_v3D16_eabi.lib</file>
         <name>exit.obj</name>
      </input_file>
      <input_file id="fl-21">
         <path>/home/tiger/ADCS/workspace/ccsv7/tools/compiler/ti-cgt-arm_16.9.6.LTS/lib/</path>
         <kind>archive</kind>
         <file>rtsv7R4_T_be_v3D16_eabi.lib</file>
         <name>memcpy_t2.obj</name>
      </input_file>
      <input_file id="fl-22">
         <path>/home/tiger/ADCS/workspace/ccsv7/tools/compiler/ti-cgt-arm_16.9.6.LTS/lib/</path>
         <kind>archive</kind>
         <file>rtsv7R4_T_be_v3D16_eabi.lib</file>
         <name>memset_t2.obj</name>
      </input_file>
      <input_file id="fl-23">
         <path>/home/tiger/ADCS/workspace/ccsv7/tools/compiler/ti-cgt-arm_16.9.6.LTS/lib/</path>
         <kind>archive</kind>
         <file>rtsv7R4_T_be_v3D16_eabi.lib</file>
         <name>printf.obj</name>
      </input_file>
      <input_file id="fl-24">
         <path>/home/tiger/ADCS/workspace/ccsv7/tools/compiler/ti-cgt-arm_16.9.6.LTS/lib/</path>
         <kind>archive</kind>
         <file>rtsv7R4_T_be_v3D16_eabi.lib</file>
         <name>s_floor.obj</name>
      </input_file>
      <input_file id="fl-25">
         <path>/home/tiger/ADCS/workspace/ccsv7/tools/compiler/ti-cgt-arm_16.9.6.LTS/lib/</path>
         <kind>archive</kind>
         <file>rtsv7R4_T_be_v3D16_eabi.lib</file>
         <name>startup.obj</name>
      </input_file>
      <input_file id="fl-26">
         <path>/home/tiger/ADCS/workspace/ccsv7/tools/compiler/ti-cgt-arm_16.9.6.LTS/lib/</path>
         <kind>archive</kind>
         <file>rtsv7R4_T_be_v3D16_eabi.lib</file>
         <name>u_div32.obj</name>
      </input_file>
      <input_file id="fl-27">
         <path>/home/tiger/ADCS/workspace/ccsv7/tools/compiler/ti-cgt-arm_16.9.6.LTS/lib/</path>
         <kind>archive</kind>
         <file>rtsv7R4_T_be_v3D16_eabi.lib</file>
         <name>_lock.obj</name>
      </input_file>
      <input_file id="fl-28">
         <path>/home/tiger/ADCS/workspace/ccsv7/tools/compiler/ti-cgt-arm_16.9.6.LTS/lib/</path>
         <kind>archive</kind>
         <file>rtsv7R4_T_be_v3D16_eabi.lib</file>
         <name>_printfi.obj</name>
      </input_file>
      <input_file id="fl-29">
         <path>/home/tiger/ADCS/workspace/ccsv7/tools/compiler/ti-cgt-arm_16.9.6.LTS/lib/</path>
         <kind>archive</kind>
         <file>rtsv7R4_T_be_v3D16_eabi.lib</file>
         <name>atoi.obj</name>
      </input_file>
      <input_file id="fl-2a">
         <path>/home/tiger/ADCS/workspace/ccsv7/tools/compiler/ti-cgt-arm_16.9.6.LTS/lib/</path>
         <kind>archive</kind>
         <file>rtsv7R4_T_be_v3D16_eabi.lib</file>
         <name>ctype.obj</name>
      </input_file>
      <input_file id="fl-2b">
         <path>/home/tiger/ADCS/workspace/ccsv7/tools/compiler/ti-cgt-arm_16.9.6.LTS/lib/</path>
         <kind>archive</kind>
         <file>rtsv7R4_T_be_v3D16_eabi.lib</file>
         <name>defs.obj</name>
      </input_file>
      <input_file id="fl-2c">
         <path>/home/tiger/ADCS/workspace/ccsv7/tools/compiler/ti-cgt-arm_16.9.6.LTS/lib/</path>
         <kind>archive</kind>
         <file>rtsv7R4_T_be_v3D16_eabi.lib</file>
         <name>fputc.obj</name>
      </input_file>
      <input_file id="fl-2d">
         <path>/home/tiger/ADCS/workspace/ccsv7/tools/compiler/ti-cgt-arm_16.9.6.LTS/lib/</path>
         <kind>archive</kind>
         <file>rtsv7R4_T_be_v3D16_eabi.lib</file>
         <name>fputs.obj</name>
      </input_file>
      <input_file id="fl-2e">
         <path>/home/tiger/ADCS/workspace/ccsv7/tools/compiler/ti-cgt-arm_16.9.6.LTS/lib/</path>
         <kind>archive</kind>
         <file>rtsv7R4_T_be_v3D16_eabi.lib</file>
         <name>i_div0.obj</name>
      </input_file>
      <input_file id="fl-2f">
         <path>/home/tiger/ADCS/workspace/ccsv7/tools/compiler/ti-cgt-arm_16.9.6.LTS/lib/</path>
         <kind>archive</kind>
         <file>rtsv7R4_T_be_v3D16_eabi.lib</file>
         <name>ltoa.obj</name>
      </input_file>
      <input_file id="fl-30">
         <path>/home/tiger/ADCS/workspace/ccsv7/tools/compiler/ti-cgt-arm_16.9.6.LTS/lib/</path>
         <kind>archive</kind>
         <file>rtsv7R4_T_be_v3D16_eabi.lib</file>
         <name>memccpy.obj</name>
      </input_file>
      <input_file id="fl-31">
         <path>/home/tiger/ADCS/workspace/ccsv7/tools/compiler/ti-cgt-arm_16.9.6.LTS/lib/</path>
         <kind>archive</kind>
         <file>rtsv7R4_T_be_v3D16_eabi.lib</file>
         <name>memchr.obj</name>
      </input_file>
      <input_file id="fl-32">
         <path>/home/tiger/ADCS/workspace/ccsv7/tools/compiler/ti-cgt-arm_16.9.6.LTS/lib/</path>
         <kind>archive</kind>
         <file>rtsv7R4_T_be_v3D16_eabi.lib</file>
         <name>s_frexp.obj</name>
      </input_file>
      <input_file id="fl-33">
         <path>/home/tiger/ADCS/workspace/ccsv7/tools/compiler/ti-cgt-arm_16.9.6.LTS/lib/</path>
         <kind>archive</kind>
         <file>rtsv7R4_T_be_v3D16_eabi.lib</file>
         <name>s_scalbn.obj</name>
      </input_file>
      <input_file id="fl-34">
         <path>/home/tiger/ADCS/workspace/ccsv7/tools/compiler/ti-cgt-arm_16.9.6.LTS/lib/</path>
         <kind>archive</kind>
         <file>rtsv7R4_T_be_v3D16_eabi.lib</file>
         <name>strchr.obj</name>
      </input_file>
      <input_file id="fl-35">
         <path>/home/tiger/ADCS/workspace/ccsv7/tools/compiler/ti-cgt-arm_16.9.6.LTS/lib/</path>
         <kind>archive</kind>
         <file>rtsv7R4_T_be_v3D16_eabi.lib</file>
         <name>strlen.obj</name>
      </input_file>
      <input_file id="fl-36">
         <path>/home/tiger/ADCS/workspace/ccsv7/tools/compiler/ti-cgt-arm_16.9.6.LTS/lib/</path>
         <kind>archive</kind>
         <file>rtsv7R4_T_be_v3D16_eabi.lib</file>
         <name>ull_div32.obj</name>
      </input_file>
      <input_file id="fl-37">
         <path>/home/tiger/ADCS/workspace/ccsv7/tools/compiler/ti-cgt-arm_16.9.6.LTS/lib/</path>
         <kind>archive</kind>
         <file>rtsv7R4_T_be_v3D16_eabi.lib</file>
         <name>write.obj</name>
      </input_file>
      <input_file id="fl-38">
         <path>/home/tiger/ADCS/workspace/ccsv7/tools/compiler/ti-cgt-arm_16.9.6.LTS/lib/</path>
         <kind>archive</kind>
         <file>rtsv7R4_T_be_v3D16_eabi.lib</file>
         <name>_io_perm.obj</name>
      </input_file>
      <input_file id="fl-39">
         <path>/home/tiger/ADCS/workspace/ccsv7/tools/compiler/ti-cgt-arm_16.9.6.LTS/lib/</path>
         <kind>archive</kind>
         <file>rtsv7R4_T_be_v3D16_eabi.lib</file>
         <name>errno.obj</name>
      </input_file>
      <input_file id="fl-3a">
         <path>/home/tiger/ADCS/workspace/ccsv7/tools/compiler/ti-cgt-arm_16.9.6.LTS/lib/</path>
         <kind>archive</kind>
         <file>rtsv7R4_T_be_v3D16_eabi.lib</file>
         <name>fflush.obj</name>
      </input_file>
      <input_file id="fl-3b">
         <path>/home/tiger/ADCS/workspace/ccsv7/tools/compiler/ti-cgt-arm_16.9.6.LTS/lib/</path>
         <kind>archive</kind>
         <file>rtsv7R4_T_be_v3D16_eabi.lib</file>
         <name>fseek.obj</name>
      </input_file>
      <input_file id="fl-3c">
         <path>/home/tiger/ADCS/workspace/ccsv7/tools/compiler/ti-cgt-arm_16.9.6.LTS/lib/</path>
         <kind>archive</kind>
         <file>rtsv7R4_T_be_v3D16_eabi.lib</file>
         <name>hostclose.obj</name>
      </input_file>
      <input_file id="fl-3d">
         <path>/home/tiger/ADCS/workspace/ccsv7/tools/compiler/ti-cgt-arm_16.9.6.LTS/lib/</path>
         <kind>archive</kind>
         <file>rtsv7R4_T_be_v3D16_eabi.lib</file>
         <name>hostlseek.obj</name>
      </input_file>
      <input_file id="fl-3e">
         <path>/home/tiger/ADCS/workspace/ccsv7/tools/compiler/ti-cgt-arm_16.9.6.LTS/lib/</path>
         <kind>archive</kind>
         <file>rtsv7R4_T_be_v3D16_eabi.lib</file>
         <name>hostopen.obj</name>
      </input_file>
      <input_file id="fl-3f">
         <path>/home/tiger/ADCS/workspace/ccsv7/tools/compiler/ti-cgt-arm_16.9.6.LTS/lib/</path>
         <kind>archive</kind>
         <file>rtsv7R4_T_be_v3D16_eabi.lib</file>
         <name>hostread.obj</name>
      </input_file>
      <input_file id="fl-40">
         <path>/home/tiger/ADCS/workspace/ccsv7/tools/compiler/ti-cgt-arm_16.9.6.LTS/lib/</path>
         <kind>archive</kind>
         <file>rtsv7R4_T_be_v3D16_eabi.lib</file>
         <name>hostrename.obj</name>
      </input_file>
      <input_file id="fl-41">
         <path>/home/tiger/ADCS/workspace/ccsv7/tools/compiler/ti-cgt-arm_16.9.6.LTS/lib/</path>
         <kind>archive</kind>
         <file>rtsv7R4_T_be_v3D16_eabi.lib</file>
         <name>hostunlink.obj</name>
      </input_file>
      <input_file id="fl-42">
         <path>/home/tiger/ADCS/workspace/ccsv7/tools/compiler/ti-cgt-arm_16.9.6.LTS/lib/</path>
         <kind>archive</kind>
         <file>rtsv7R4_T_be_v3D16_eabi.lib</file>
         <name>hostwrite.obj</name>
      </input_file>
      <input_file id="fl-43">
         <path>/home/tiger/ADCS/workspace/ccsv7/tools/compiler/ti-cgt-arm_16.9.6.LTS/lib/</path>
         <kind>archive</kind>
         <file>rtsv7R4_T_be_v3D16_eabi.lib</file>
         <name>lseek.obj</name>
      </input_file>
      <input_file id="fl-44">
         <path>/home/tiger/ADCS/workspace/ccsv7/tools/compiler/ti-cgt-arm_16.9.6.LTS/lib/</path>
         <kind>archive</kind>
         <file>rtsv7R4_T_be_v3D16_eabi.lib</file>
         <name>s_copysign.obj</name>
      </input_file>
      <input_file id="fl-45">
         <path>/home/tiger/ADCS/workspace/ccsv7/tools/compiler/ti-cgt-arm_16.9.6.LTS/lib/</path>
         <kind>archive</kind>
         <file>rtsv7R4_T_be_v3D16_eabi.lib</file>
         <name>setvbuf.obj</name>
      </input_file>
      <input_file id="fl-46">
         <path>/home/tiger/ADCS/workspace/ccsv7/tools/compiler/ti-cgt-arm_16.9.6.LTS/lib/</path>
         <kind>archive</kind>
         <file>rtsv7R4_T_be_v3D16_eabi.lib</file>
         <name>strcpy.obj</name>
      </input_file>
      <input_file id="fl-47">
         <path>/home/tiger/ADCS/workspace/ccsv7/tools/compiler/ti-cgt-arm_16.9.6.LTS/lib/</path>
         <kind>archive</kind>
         <file>rtsv7R4_T_be_v3D16_eabi.lib</file>
         <name>trgmsg.obj</name>
      </input_file>
      <input_file id="fl-48">
         <path>/home/tiger/ADCS/workspace/ccsv7/tools/compiler/ti-cgt-arm_16.9.6.LTS/lib/</path>
         <kind>archive</kind>
         <file>rtsv7R4_T_be_v3D16_eabi.lib</file>
         <name>fopen.obj</name>
      </input_file>
      <input_file id="fl-49">
         <path>/home/tiger/ADCS/workspace/ccsv7/tools/compiler/ti-cgt-arm_16.9.6.LTS/lib/</path>
         <kind>archive</kind>
         <file>rtsv7R4_T_be_v3D16_eabi.lib</file>
         <name>memory.obj</name>
      </input_file>
      <input_file id="fl-4a">
         <path>/home/tiger/ADCS/workspace/ccsv7/tools/compiler/ti-cgt-arm_16.9.6.LTS/lib/</path>
         <kind>archive</kind>
         <file>rtsv7R4_T_be_v3D16_eabi.lib</file>
         <name>open.obj</name>
      </input_file>
      <input_file id="fl-4b">
         <path>/home/tiger/ADCS/workspace/ccsv7/tools/compiler/ti-cgt-arm_16.9.6.LTS/lib/</path>
         <kind>archive</kind>
         <file>rtsv7R4_T_be_v3D16_eabi.lib</file>
         <name>fclose.obj</name>
      </input_file>
      <input_file id="fl-4c">
         <path>/home/tiger/ADCS/workspace/ccsv7/tools/compiler/ti-cgt-arm_16.9.6.LTS/lib/</path>
         <kind>archive</kind>
         <file>rtsv7R4_T_be_v3D16_eabi.lib</file>
         <name>getdevice.obj</name>
      </input_file>
      <input_file id="fl-4d">
         <path>/home/tiger/ADCS/workspace/ccsv7/tools/compiler/ti-cgt-arm_16.9.6.LTS/lib/</path>
         <kind>archive</kind>
         <file>rtsv7R4_T_be_v3D16_eabi.lib</file>
         <name>remove.obj</name>
      </input_file>
      <input_file id="fl-4e">
         <path>/home/tiger/ADCS/workspace/ccsv7/tools/compiler/ti-cgt-arm_16.9.6.LTS/lib/</path>
         <kind>archive</kind>
         <file>rtsv7R4_T_be_v3D16_eabi.lib</file>
         <name>strcmp.obj</name>
      </input_file>
      <input_file id="fl-4f">
         <path>/home/tiger/ADCS/workspace/ccsv7/tools/compiler/ti-cgt-arm_16.9.6.LTS/lib/</path>
         <kind>archive</kind>
         <file>rtsv7R4_T_be_v3D16_eabi.lib</file>
         <name>strncpy.obj</name>
      </input_file>
      <input_file id="fl-50">
         <path>/home/tiger/ADCS/workspace/ccsv7/tools/compiler/ti-cgt-arm_16.9.6.LTS/lib/</path>
         <kind>archive</kind>
         <file>rtsv7R4_T_be_v3D16_eabi.lib</file>
         <name>unlink.obj</name>
      </input_file>
      <input_file id="fl-51">
         <path>/home/tiger/ADCS/workspace/ccsv7/tools/compiler/ti-cgt-arm_16.9.6.LTS/lib/</path>
         <kind>archive</kind>
         <file>rtsv7R4_T_be_v3D16_eabi.lib</file>
         <name>close.obj</name>
      </input_file>
   </input_file_list>
   <object_component_list>
      <object_component id="oc-2d">
         <name>.intvecs</name>
         <load_address>0x0</load_address>
         <run_address>0x0</run_address>
         <size>0x20</size>
         <input_file_ref idref="fl-c"/>
      </object_component>
      <object_component id="oc-75">
         <name>.text</name>
         <load_address>0x20</load_address>
         <run_address>0x20</run_address>
         <size>0x2cdc</size>
         <input_file_ref idref="fl-13"/>
      </object_component>
      <object_component id="oc-1eb">
         <name>.text</name>
         <load_address>0x2cfc</load_address>
         <run_address>0x2cfc</run_address>
         <size>0x107e</size>
         <input_file_ref idref="fl-28"/>
      </object_component>
      <object_component id="oc-239">
         <name>.text</name>
         <load_address>0x3d7a</load_address>
         <run_address>0x3d7a</run_address>
         <size>0x2</size>
         <input_file_ref idref="fl-2e"/>
      </object_component>
      <object_component id="oc-6f">
         <name>.text</name>
         <load_address>0x3d7c</load_address>
         <run_address>0x3d7c</run_address>
         <size>0xb28</size>
         <input_file_ref idref="fl-16"/>
      </object_component>
      <object_component id="oc-107">
         <name>.text</name>
         <load_address>0x48a4</load_address>
         <run_address>0x48a4</run_address>
         <size>0xaec</size>
         <input_file_ref idref="fl-2"/>
      </object_component>
      <object_component id="oc-39">
         <name>.text</name>
         <load_address>0x5390</load_address>
         <run_address>0x5390</run_address>
         <size>0xa54</size>
         <input_file_ref idref="fl-15"/>
      </object_component>
      <object_component id="oc-101">
         <name>.text</name>
         <load_address>0x5de4</load_address>
         <run_address>0x5de4</run_address>
         <size>0xa2c</size>
         <input_file_ref idref="fl-9"/>
      </object_component>
      <object_component id="oc-fb">
         <name>.text</name>
         <load_address>0x6810</load_address>
         <run_address>0x6810</run_address>
         <size>0x8f0</size>
         <input_file_ref idref="fl-6"/>
      </object_component>
      <object_component id="oc-cb">
         <name>.text</name>
         <load_address>0x7100</load_address>
         <run_address>0x7100</run_address>
         <size>0x8b0</size>
         <input_file_ref idref="fl-8"/>
      </object_component>
      <object_component id="oc-7b">
         <name>.text</name>
         <load_address>0x79b0</load_address>
         <run_address>0x79b0</run_address>
         <size>0x5d8</size>
         <input_file_ref idref="fl-4"/>
      </object_component>
      <object_component id="oc-f5">
         <name>.text</name>
         <load_address>0x7f88</load_address>
         <run_address>0x7f88</run_address>
         <size>0x484</size>
         <input_file_ref idref="fl-5"/>
      </object_component>
      <object_component id="oc-322">
         <name>.text</name>
         <load_address>0x840c</load_address>
         <run_address>0x840c</run_address>
         <size>0x3d8</size>
         <input_file_ref idref="fl-49"/>
      </object_component>
      <object_component id="oc-6a">
         <name>.text</name>
         <load_address>0x87e4</load_address>
         <run_address>0x87e4</run_address>
         <size>0x34c</size>
         <input_file_ref idref="fl-a"/>
      </object_component>
      <object_component id="oc-38">
         <name>.text:retain</name>
         <load_address>0x8b30</load_address>
         <run_address>0x8b30</run_address>
         <size>0x2cc</size>
         <input_file_ref idref="fl-15"/>
      </object_component>
      <object_component id="oc-281">
         <name>.text</name>
         <load_address>0x8dfc</load_address>
         <run_address>0x8dfc</run_address>
         <size>0x2b8</size>
         <input_file_ref idref="fl-36"/>
      </object_component>
      <object_component id="oc-1e">
         <name>.text:retain</name>
         <load_address>0x90b4</load_address>
         <run_address>0x90b4</run_address>
         <size>0x27c</size>
         <input_file_ref idref="fl-14"/>
      </object_component>
      <object_component id="oc-87">
         <name>.text</name>
         <load_address>0x9330</load_address>
         <run_address>0x9330</run_address>
         <size>0x214</size>
         <input_file_ref idref="fl-d"/>
      </object_component>
      <object_component id="oc-328">
         <name>.text</name>
         <load_address>0x9544</load_address>
         <run_address>0x9544</run_address>
         <size>0x1c8</size>
         <input_file_ref idref="fl-48"/>
      </object_component>
      <object_component id="oc-1e5">
         <name>.text</name>
         <load_address>0x970c</load_address>
         <run_address>0x970c</run_address>
         <size>0x138</size>
         <input_file_ref idref="fl-2d"/>
      </object_component>
      <object_component id="oc-24">
         <name>.text:retain</name>
         <load_address>0x9844</load_address>
         <run_address>0x9844</run_address>
         <size>0x114</size>
         <input_file_ref idref="fl-4"/>
      </object_component>
      <object_component id="oc-292">
         <name>.text</name>
         <load_address>0x9958</load_address>
         <run_address>0x9958</run_address>
         <size>0xf4</size>
         <input_file_ref idref="fl-33"/>
      </object_component>
      <object_component id="oc-9d">
         <name>.text</name>
         <load_address>0x9a4c</load_address>
         <run_address>0x9a4c</run_address>
         <size>0xe8</size>
         <input_file_ref idref="fl-3"/>
      </object_component>
      <object_component id="oc-d3">
         <name>.text</name>
         <load_address>0x9b34</load_address>
         <run_address>0x9b34</run_address>
         <size>0xe8</size>
         <input_file_ref idref="fl-7"/>
      </object_component>
      <object_component id="oc-1cd">
         <name>.text</name>
         <load_address>0x9c1c</load_address>
         <run_address>0x9c1c</run_address>
         <size>0xe0</size>
         <input_file_ref idref="fl-24"/>
      </object_component>
      <object_component id="oc-d9">
         <name>.text</name>
         <load_address>0x9cfc</load_address>
         <run_address>0x9cfc</run_address>
         <size>0xe0</size>
         <input_file_ref idref="fl-12"/>
      </object_component>
      <object_component id="oc-2d9">
         <name>.text</name>
         <load_address>0x9ddc</load_address>
         <run_address>0x9ddc</run_address>
         <size>0xdc</size>
         <input_file_ref idref="fl-45"/>
      </object_component>
      <object_component id="oc-265">
         <name>.text</name>
         <load_address>0x9eb8</load_address>
         <run_address>0x9eb8</run_address>
         <size>0xcc</size>
         <input_file_ref idref="fl-3a"/>
      </object_component>
      <object_component id="oc-36a">
         <name>.text</name>
         <load_address>0x9f84</load_address>
         <run_address>0x9f84</run_address>
         <size>0xbc</size>
         <input_file_ref idref="fl-4a"/>
      </object_component>
      <object_component id="oc-25f">
         <name>.text</name>
         <load_address>0xa040</load_address>
         <run_address>0xa040</run_address>
         <size>0xae</size>
         <input_file_ref idref="fl-38"/>
      </object_component>
      <object_component id="oc-52">
         <name>.text</name>
         <load_address>0xa0ee</load_address>
         <run_address>0xa0ee</run_address>
         <size>0x9c</size>
         <input_file_ref idref="fl-21"/>
      </object_component>
      <object_component id="oc-ed">
         <name>.text</name>
         <load_address>0xa18a</load_address>
         <run_address>0xa18a</run_address>
         <size>0x2</size>
         <input_file_ref idref="fl-25"/>
      </object_component>
      <object_component id="oc-370">
         <name>.text</name>
         <load_address>0xa18c</load_address>
         <run_address>0xa18c</run_address>
         <size>0x98</size>
         <input_file_ref idref="fl-4b"/>
      </object_component>
      <object_component id="oc-1df">
         <name>.text</name>
         <load_address>0xa224</load_address>
         <run_address>0xa224</run_address>
         <size>0x98</size>
         <input_file_ref idref="fl-2c"/>
      </object_component>
      <object_component id="oc-5e">
         <name>.text</name>
         <load_address>0xa2bc</load_address>
         <run_address>0xa2bc</run_address>
         <size>0x7a</size>
         <input_file_ref idref="fl-22"/>
      </object_component>
      <object_component id="oc-3ad">
         <name>.text</name>
         <load_address>0xa338</load_address>
         <run_address>0xa338</run_address>
         <size>0x74</size>
         <input_file_ref idref="fl-4c"/>
      </object_component>
      <object_component id="oc-28c">
         <name>.text</name>
         <load_address>0xa3ac</load_address>
         <run_address>0xa3ac</run_address>
         <size>0x74</size>
         <input_file_ref idref="fl-32"/>
      </object_component>
      <object_component id="oc-81">
         <name>.text</name>
         <load_address>0xa420</load_address>
         <run_address>0xa420</run_address>
         <size>0x70</size>
         <input_file_ref idref="fl-1b"/>
      </object_component>
      <object_component id="oc-10d">
         <name>.text</name>
         <load_address>0xa490</load_address>
         <run_address>0xa490</run_address>
         <size>0x70</size>
         <input_file_ref idref="fl-23"/>
      </object_component>
      <object_component id="oc-c">
         <name>.text:decompress:lzss</name>
         <load_address>0xa500</load_address>
         <run_address>0xa500</run_address>
         <size>0x6c</size>
         <input_file_ref idref="fl-1c"/>
      </object_component>
      <object_component id="oc-3c7">
         <name>.text</name>
         <load_address>0xa56c</load_address>
         <run_address>0xa56c</run_address>
         <size>0x6c</size>
         <input_file_ref idref="fl-47"/>
      </object_component>
      <object_component id="oc-393">
         <name>.text</name>
         <load_address>0xa5d8</load_address>
         <run_address>0xa5d8</run_address>
         <size>0x68</size>
         <input_file_ref idref="fl-3d"/>
      </object_component>
      <object_component id="oc-39f">
         <name>.text</name>
         <load_address>0xa640</load_address>
         <run_address>0xa640</run_address>
         <size>0x68</size>
         <input_file_ref idref="fl-40"/>
      </object_component>
      <object_component id="oc-2d3">
         <name>.text</name>
         <load_address>0xa6a8</load_address>
         <run_address>0xa6a8</run_address>
         <size>0x64</size>
         <input_file_ref idref="fl-3b"/>
      </object_component>
      <object_component id="oc-37b">
         <name>.text</name>
         <load_address>0xa70c</load_address>
         <run_address>0xa70c</run_address>
         <size>0x5c</size>
         <input_file_ref idref="fl-3e"/>
      </object_component>
      <object_component id="oc-387">
         <name>.text</name>
         <load_address>0xa768</load_address>
         <run_address>0xa768</run_address>
         <size>0x5c</size>
         <input_file_ref idref="fl-3f"/>
      </object_component>
      <object_component id="oc-3b6">
         <name>.text</name>
         <load_address>0xa7c4</load_address>
         <run_address>0xa7c4</run_address>
         <size>0x58</size>
         <input_file_ref idref="fl-51"/>
      </object_component>
      <object_component id="oc-38d">
         <name>.text</name>
         <load_address>0xa81c</load_address>
         <run_address>0xa81c</run_address>
         <size>0x58</size>
         <input_file_ref idref="fl-42"/>
      </object_component>
      <object_component id="oc-286">
         <name>.text</name>
         <load_address>0xa874</load_address>
         <run_address>0xa874</run_address>
         <size>0x54</size>
         <input_file_ref idref="fl-2f"/>
      </object_component>
      <object_component id="oc-29e">
         <name>.text</name>
         <load_address>0xa8c8</load_address>
         <run_address>0xa8c8</run_address>
         <size>0x50</size>
         <input_file_ref idref="fl-29"/>
      </object_component>
      <object_component id="oc-8d">
         <name>.text</name>
         <load_address>0xa918</load_address>
         <run_address>0xa918</run_address>
         <size>0x50</size>
         <input_file_ref idref="fl-20"/>
      </object_component>
      <object_component id="oc-1bb">
         <name>.text</name>
         <load_address>0xa968</load_address>
         <run_address>0xa968</run_address>
         <size>0x50</size>
         <input_file_ref idref="fl-26"/>
      </object_component>
      <object_component id="oc-e7">
         <name>.text</name>
         <load_address>0xa9b8</load_address>
         <run_address>0xa9b8</run_address>
         <size>0x4c</size>
         <input_file_ref idref="fl-1f"/>
      </object_component>
      <object_component id="oc-381">
         <name>.text</name>
         <load_address>0xaa04</load_address>
         <run_address>0xaa04</run_address>
         <size>0x44</size>
         <input_file_ref idref="fl-3c"/>
      </object_component>
      <object_component id="oc-399">
         <name>.text</name>
         <load_address>0xaa48</load_address>
         <run_address>0xaa48</run_address>
         <size>0x44</size>
         <input_file_ref idref="fl-41"/>
      </object_component>
      <object_component id="oc-3e9">
         <name>.text</name>
         <load_address>0xaa8c</load_address>
         <run_address>0xaa8c</run_address>
         <size>0x36</size>
         <input_file_ref idref="fl-4f"/>
      </object_component>
      <object_component id="oc-3bc">
         <name>.text</name>
         <load_address>0xaac4</load_address>
         <run_address>0xaac4</run_address>
         <size>0x2c</size>
         <input_file_ref idref="fl-50"/>
      </object_component>
      <object_component id="oc-31a">
         <name>.text</name>
         <load_address>0xaaf0</load_address>
         <run_address>0xaaf0</run_address>
         <size>0x28</size>
         <input_file_ref idref="fl-43"/>
      </object_component>
      <object_component id="oc-26b">
         <name>.text</name>
         <load_address>0xab18</load_address>
         <run_address>0xab18</run_address>
         <size>0x28</size>
         <input_file_ref idref="fl-37"/>
      </object_component>
      <object_component id="oc-279">
         <name>.text</name>
         <load_address>0xab40</load_address>
         <run_address>0xab40</run_address>
         <size>0x20</size>
         <input_file_ref idref="fl-31"/>
      </object_component>
      <object_component id="oc-2a4">
         <name>.text</name>
         <load_address>0xab60</load_address>
         <run_address>0xab60</run_address>
         <size>0x1c</size>
         <input_file_ref idref="fl-30"/>
      </object_component>
      <object_component id="oc-2fd">
         <name>.text</name>
         <load_address>0xab7c</load_address>
         <run_address>0xab7c</run_address>
         <size>0x18</size>
         <input_file_ref idref="fl-44"/>
      </object_component>
      <object_component id="oc-3e3">
         <name>.text</name>
         <load_address>0xab94</load_address>
         <run_address>0xab94</run_address>
         <size>0x18</size>
         <input_file_ref idref="fl-4e"/>
      </object_component>
      <object_component id="oc-298">
         <name>.text</name>
         <load_address>0xabac</load_address>
         <run_address>0xabac</run_address>
         <size>0x16</size>
         <input_file_ref idref="fl-34"/>
      </object_component>
      <object_component id="oc-273">
         <name>.text</name>
         <load_address>0xabc2</load_address>
         <run_address>0xabc2</run_address>
         <size>0x16</size>
         <input_file_ref idref="fl-35"/>
      </object_component>
      <object_component id="oc-209">
         <name>.text</name>
         <load_address>0xabd8</load_address>
         <run_address>0xabd8</run_address>
         <size>0x14</size>
         <input_file_ref idref="fl-27"/>
      </object_component>
      <object_component id="oc-3db">
         <name>.text</name>
         <load_address>0xabec</load_address>
         <run_address>0xabec</run_address>
         <size>0x14</size>
         <input_file_ref idref="fl-46"/>
      </object_component>
      <object_component id="oc-12">
         <name>.text:decompress:none</name>
         <load_address>0xac00</load_address>
         <run_address>0xac00</run_address>
         <size>0xe</size>
         <input_file_ref idref="fl-1d"/>
      </object_component>
      <object_component id="oc-18">
         <name>.text:decompress:ZI</name>
         <load_address>0xac0e</load_address>
         <run_address>0xac0e</run_address>
         <size>0xc</size>
         <input_file_ref idref="fl-1e"/>
      </object_component>
      <object_component id="oc-32">
         <name>.text:retain</name>
         <load_address>0xac1c</load_address>
         <run_address>0xac1c</run_address>
         <size>0x4</size>
         <input_file_ref idref="fl-10"/>
      </object_component>
      <object_component id="oc-1c0">
         <name>.const:het1PROGRAM</name>
         <load_address>0xac20</load_address>
         <run_address>0xac20</run_address>
         <size>0x3a0</size>
         <input_file_ref idref="fl-6"/>
      </object_component>
      <object_component id="oc-2a">
         <name>.const:s_vim_init</name>
         <load_address>0xafc0</load_address>
         <run_address>0xafc0</run_address>
         <size>0x200</size>
         <input_file_ref idref="fl-15"/>
      </object_component>
      <object_component id="oc-30a">
         <name>.const:.string:_ctypes_</name>
         <load_address>0xb1c0</load_address>
         <run_address>0xb1c0</run_address>
         <size>0x101</size>
         <input_file_ref idref="fl-2a"/>
      </object_component>
      <object_component id="oc-1c3">
         <name>.const:s_het1pwmPolarity</name>
         <load_address>0xb2c4</load_address>
         <run_address>0xb2c4</run_address>
         <size>0x20</size>
         <input_file_ref idref="fl-6"/>
      </object_component>
      <object_component id="oc-1d8">
         <name>.const:s_adcFiFoSize</name>
         <load_address>0xb2e4</load_address>
         <run_address>0xb2e4</run_address>
         <size>0x18</size>
         <input_file_ref idref="fl-2"/>
      </object_component>
      <object_component id="oc-1db">
         <name>.const:s_adcSelect</name>
         <load_address>0xb2fc</load_address>
         <run_address>0xb2fc</run_address>
         <size>0x18</size>
         <input_file_ref idref="fl-2"/>
      </object_component>
      <object_component id="oc-446">
         <name>.cinit..data.load</name>
         <load_address>0xb318</load_address>
         <run_address>0xb318</run_address>
         <size>0x6a</size>
      </object_component>
      <object_component id="oc-443">
         <name>__TI_handler_table</name>
         <load_address>0xb384</load_address>
         <run_address>0xb384</run_address>
         <size>0xc</size>
      </object_component>
      <object_component id="oc-445">
         <name>.cinit..bss.load</name>
         <load_address>0xb390</load_address>
         <run_address>0xb390</run_address>
         <size>0x8</size>
      </object_component>
      <object_component id="oc-444">
         <name>__TI_cinit_table</name>
         <load_address>0xb398</load_address>
         <run_address>0xb398</run_address>
         <size>0x10</size>
      </object_component>
      <object_component id="oc-1d3">
         <name>.bss:g_sciTransfer_t</name>
         <uninitialized>true</uninitialized>
         <run_address>0x80020b4</run_address>
         <size>0x28</size>
         <input_file_ref idref="fl-9"/>
      </object_component>
      <object_component id="oc-3f9">
         <name>.bss:_CIOBUF_</name>
         <uninitialized>true</uninitialized>
         <run_address>0x8001ef4</run_address>
         <size>0x120</size>
         <input_file_ref idref="fl-47"/>
      </object_component>
      <object_component id="oc-3c2">
         <name>.common:__TI_tmpnams</name>
         <uninitialized>true</uninitialized>
         <run_address>0x8002014</run_address>
         <size>0xa0</size>
      </object_component>
      <object_component id="oc-3cd">
         <name>.common:parmbuf</name>
         <uninitialized>true</uninitialized>
         <run_address>0x80020dc</run_address>
         <size>0x8</size>
      </object_component>
      <object_component id="oc-11b">
         <name>.data:$O1$$</name>
         <load_address>0x8001ec8</load_address>
         <run_address>0x8001ec8</run_address>
         <size>0xc</size>
         <input_file_ref idref="fl-20"/>
      </object_component>
      <object_component id="oc-11e">
         <name>.data:$O1$$</name>
         <load_address>0x8001ee0</load_address>
         <run_address>0x8001ee0</run_address>
         <size>0x8</size>
         <input_file_ref idref="fl-27"/>
      </object_component>
      <object_component id="oc-1f1">
         <name>.data:_ftable</name>
         <load_address>0x8001d00</load_address>
         <run_address>0x8001d00</run_address>
         <size>0xf0</size>
         <input_file_ref idref="fl-2b"/>
      </object_component>
      <object_component id="oc-2e1">
         <name>.data</name>
         <load_address>0x8001eb8</load_address>
         <run_address>0x8001eb8</run_address>
         <size>0x10</size>
         <input_file_ref idref="fl-2b"/>
      </object_component>
      <object_component id="oc-33b">
         <name>.data:_device</name>
         <load_address>0x8001df0</load_address>
         <run_address>0x8001df0</run_address>
         <size>0x78</size>
         <input_file_ref idref="fl-37"/>
      </object_component>
      <object_component id="oc-2e6">
         <name>.data:_stream</name>
         <load_address>0x8001e68</load_address>
         <run_address>0x8001e68</run_address>
         <size>0x50</size>
         <input_file_ref idref="fl-37"/>
      </object_component>
      <object_component id="oc-303">
         <name>.data</name>
         <load_address>0x8001ee8</load_address>
         <run_address>0x8001ee8</run_address>
         <size>0x4</size>
         <input_file_ref idref="fl-39"/>
      </object_component>
      <object_component id="oc-376">
         <name>.data</name>
         <load_address>0x8001eec</load_address>
         <run_address>0x8001eec</run_address>
         <size>0x4</size>
         <input_file_ref idref="fl-48"/>
      </object_component>
      <object_component id="oc-366">
         <name>.data:$O1$$</name>
         <load_address>0x8001ed4</load_address>
         <run_address>0x8001ed4</run_address>
         <size>0xc</size>
         <input_file_ref idref="fl-49"/>
      </object_component>
      <object_component id="oc-3b3">
         <name>.data</name>
         <load_address>0x8001ef0</load_address>
         <run_address>0x8001ef0</run_address>
         <size>0x4</size>
         <input_file_ref idref="fl-4a"/>
      </object_component>
      <object_component id="oc-44">
         <name>.sysmem</name>
         <uninitialized>true</uninitialized>
         <run_address>0x8001500</run_address>
         <size>0x8</size>
         <input_file_ref idref="fl-49"/>
      </object_component>
      <object_component id="oc-447">
         <name>.sysmem</name>
         <uninitialized>true</uninitialized>
         <run_address>0x8001500</run_address>
         <size>0x0</size>
      </object_component>
      <object_component id="oc-14f">
         <name>.debug_info</name>
         <load_address>0x0</load_address>
         <run_address>0x0</run_address>
         <size>0x2f6</size>
         <input_file_ref idref="fl-2"/>
      </object_component>
      <object_component id="oc-1dc">
         <name>.debug_info</name>
         <load_address>0x2f6</load_address>
         <run_address>0x2f6</run_address>
         <size>0xd5</size>
         <input_file_ref idref="fl-2"/>
      </object_component>
      <object_component id="oc-1d9">
         <name>.debug_info</name>
         <load_address>0x3cb</load_address>
         <run_address>0x3cb</run_address>
         <size>0xda</size>
         <input_file_ref idref="fl-2"/>
      </object_component>
      <object_component id="oc-108">
         <name>.debug_info</name>
         <load_address>0x4a5</load_address>
         <run_address>0x4a5</run_address>
         <size>0xb52</size>
         <input_file_ref idref="fl-2"/>
      </object_component>
      <object_component id="oc-162">
         <name>.debug_info</name>
         <load_address>0xff7</load_address>
         <run_address>0xff7</run_address>
         <size>0x791</size>
         <input_file_ref idref="fl-2"/>
      </object_component>
      <object_component id="oc-95">
         <name>.debug_info</name>
         <load_address>0x1788</load_address>
         <run_address>0x1788</run_address>
         <size>0x157</size>
         <input_file_ref idref="fl-2"/>
      </object_component>
      <object_component id="oc-114">
         <name>.debug_info</name>
         <load_address>0x18df</load_address>
         <run_address>0x18df</run_address>
         <size>0x8b</size>
         <input_file_ref idref="fl-2"/>
      </object_component>
      <object_component id="oc-a5">
         <name>.debug_info</name>
         <load_address>0x196a</load_address>
         <run_address>0x196a</run_address>
         <size>0x18c</size>
         <input_file_ref idref="fl-2"/>
      </object_component>
      <object_component id="oc-124">
         <name>.debug_info</name>
         <load_address>0x1af6</load_address>
         <run_address>0x1af6</run_address>
         <size>0x18b</size>
         <input_file_ref idref="fl-2"/>
      </object_component>
      <object_component id="oc-aa">
         <name>.debug_info</name>
         <load_address>0x1c81</load_address>
         <run_address>0x1c81</run_address>
         <size>0x86</size>
         <input_file_ref idref="fl-2"/>
      </object_component>
      <object_component id="oc-1fd">
         <name>.debug_info</name>
         <load_address>0x1d07</load_address>
         <run_address>0x1d07</run_address>
         <size>0x38f</size>
         <input_file_ref idref="fl-2"/>
      </object_component>
      <object_component id="oc-144">
         <name>.debug_info</name>
         <load_address>0x2096</load_address>
         <run_address>0x2096</run_address>
         <size>0x2d0</size>
         <input_file_ref idref="fl-2"/>
      </object_component>
      <object_component id="oc-9e">
         <name>.debug_info</name>
         <load_address>0x2366</load_address>
         <run_address>0x2366</run_address>
         <size>0xf5</size>
         <input_file_ref idref="fl-3"/>
      </object_component>
      <object_component id="oc-e6">
         <name>.debug_info</name>
         <load_address>0x245b</load_address>
         <run_address>0x245b</run_address>
         <size>0x2f7</size>
         <input_file_ref idref="fl-4"/>
      </object_component>
      <object_component id="oc-7c">
         <name>.debug_info</name>
         <load_address>0x2752</load_address>
         <run_address>0x2752</run_address>
         <size>0xb1e</size>
         <input_file_ref idref="fl-4"/>
      </object_component>
      <object_component id="oc-25">
         <name>.debug_info</name>
         <load_address>0x3270</load_address>
         <run_address>0x3270</run_address>
         <size>0x17e</size>
         <input_file_ref idref="fl-4"/>
      </object_component>
      <object_component id="oc-12b">
         <name>.debug_info</name>
         <load_address>0x33ee</load_address>
         <run_address>0x33ee</run_address>
         <size>0x1de</size>
         <input_file_ref idref="fl-4"/>
      </object_component>
      <object_component id="oc-e1">
         <name>.debug_info</name>
         <load_address>0x35cc</load_address>
         <run_address>0x35cc</run_address>
         <size>0x129</size>
         <input_file_ref idref="fl-4"/>
      </object_component>
      <object_component id="oc-1ba">
         <name>.debug_info</name>
         <load_address>0x36f5</load_address>
         <run_address>0x36f5</run_address>
         <size>0x27a</size>
         <input_file_ref idref="fl-5"/>
      </object_component>
      <object_component id="oc-f6">
         <name>.debug_info</name>
         <load_address>0x396f</load_address>
         <run_address>0x396f</run_address>
         <size>0x6d6</size>
         <input_file_ref idref="fl-5"/>
      </object_component>
      <object_component id="oc-135">
         <name>.debug_info</name>
         <load_address>0x4045</load_address>
         <run_address>0x4045</run_address>
         <size>0x1f9</size>
         <input_file_ref idref="fl-5"/>
      </object_component>
      <object_component id="oc-234">
         <name>.debug_info</name>
         <load_address>0x423e</load_address>
         <run_address>0x423e</run_address>
         <size>0x12a</size>
         <input_file_ref idref="fl-5"/>
      </object_component>
      <object_component id="oc-1c7">
         <name>.debug_info</name>
         <load_address>0x4368</load_address>
         <run_address>0x4368</run_address>
         <size>0x30d</size>
         <input_file_ref idref="fl-6"/>
      </object_component>
      <object_component id="oc-1c4">
         <name>.debug_info</name>
         <load_address>0x4675</load_address>
         <run_address>0x4675</run_address>
         <size>0xe1</size>
         <input_file_ref idref="fl-6"/>
      </object_component>
      <object_component id="oc-1c1">
         <name>.debug_info</name>
         <load_address>0x4756</load_address>
         <run_address>0x4756</run_address>
         <size>0xd5</size>
         <input_file_ref idref="fl-6"/>
      </object_component>
      <object_component id="oc-fc">
         <name>.debug_info</name>
         <load_address>0x482b</load_address>
         <run_address>0x482b</run_address>
         <size>0xd5d</size>
         <input_file_ref idref="fl-6"/>
      </object_component>
      <object_component id="oc-c3">
         <name>.debug_info</name>
         <load_address>0x5588</load_address>
         <run_address>0x5588</run_address>
         <size>0x2c</size>
         <input_file_ref idref="fl-6"/>
      </object_component>
      <object_component id="oc-17b">
         <name>.debug_info</name>
         <load_address>0x55b4</load_address>
         <run_address>0x55b4</run_address>
         <size>0x3d3</size>
         <input_file_ref idref="fl-6"/>
      </object_component>
      <object_component id="oc-1c8">
         <name>.debug_info</name>
         <load_address>0x5987</load_address>
         <run_address>0x5987</run_address>
         <size>0x2e3</size>
         <input_file_ref idref="fl-6"/>
      </object_component>
      <object_component id="oc-19a">
         <name>.debug_info</name>
         <load_address>0x5c6a</load_address>
         <run_address>0x5c6a</run_address>
         <size>0x487</size>
         <input_file_ref idref="fl-7"/>
      </object_component>
      <object_component id="oc-d4">
         <name>.debug_info</name>
         <load_address>0x60f1</load_address>
         <run_address>0x60f1</run_address>
         <size>0xa32</size>
         <input_file_ref idref="fl-7"/>
      </object_component>
      <object_component id="oc-167">
         <name>.debug_info</name>
         <load_address>0x6b23</load_address>
         <run_address>0x6b23</run_address>
         <size>0x4de</size>
         <input_file_ref idref="fl-7"/>
      </object_component>
      <object_component id="oc-16c">
         <name>.debug_info</name>
         <load_address>0x7001</load_address>
         <run_address>0x7001</run_address>
         <size>0x3ce</size>
         <input_file_ref idref="fl-7"/>
      </object_component>
      <object_component id="oc-221">
         <name>.debug_info</name>
         <load_address>0x73cf</load_address>
         <run_address>0x73cf</run_address>
         <size>0x7cd</size>
         <input_file_ref idref="fl-7"/>
      </object_component>
      <object_component id="oc-19b">
         <name>.debug_info</name>
         <load_address>0x7b9c</load_address>
         <run_address>0x7b9c</run_address>
         <size>0x673</size>
         <input_file_ref idref="fl-7"/>
      </object_component>
      <object_component id="oc-171">
         <name>.debug_info</name>
         <load_address>0x820f</load_address>
         <run_address>0x820f</run_address>
         <size>0x437</size>
         <input_file_ref idref="fl-7"/>
      </object_component>
      <object_component id="oc-1a3">
         <name>.debug_info</name>
         <load_address>0x8646</load_address>
         <run_address>0x8646</run_address>
         <size>0x37b</size>
         <input_file_ref idref="fl-7"/>
      </object_component>
      <object_component id="oc-176">
         <name>.debug_info</name>
         <load_address>0x89c1</load_address>
         <run_address>0x89c1</run_address>
         <size>0x1ca</size>
         <input_file_ref idref="fl-7"/>
      </object_component>
      <object_component id="oc-130">
         <name>.debug_info</name>
         <load_address>0x8b8b</load_address>
         <run_address>0x8b8b</run_address>
         <size>0x435</size>
         <input_file_ref idref="fl-7"/>
      </object_component>
      <object_component id="oc-18f">
         <name>.debug_info</name>
         <load_address>0x8fc0</load_address>
         <run_address>0x8fc0</run_address>
         <size>0x551</size>
         <input_file_ref idref="fl-7"/>
      </object_component>
      <object_component id="oc-185">
         <name>.debug_info</name>
         <load_address>0x9511</load_address>
         <run_address>0x9511</run_address>
         <size>0x1de</size>
         <input_file_ref idref="fl-7"/>
      </object_component>
      <object_component id="oc-202">
         <name>.debug_info</name>
         <load_address>0x96ef</load_address>
         <run_address>0x96ef</run_address>
         <size>0x243</size>
         <input_file_ref idref="fl-7"/>
      </object_component>
      <object_component id="oc-256">
         <name>.debug_info</name>
         <load_address>0x9932</load_address>
         <run_address>0x9932</run_address>
         <size>0x18e</size>
         <input_file_ref idref="fl-7"/>
      </object_component>
      <object_component id="oc-194">
         <name>.debug_info</name>
         <load_address>0x9ac0</load_address>
         <run_address>0x9ac0</run_address>
         <size>0x17a</size>
         <input_file_ref idref="fl-7"/>
      </object_component>
      <object_component id="oc-13a">
         <name>.debug_info</name>
         <load_address>0x9c3a</load_address>
         <run_address>0x9c3a</run_address>
         <size>0x6a6</size>
         <input_file_ref idref="fl-7"/>
      </object_component>
      <object_component id="oc-13f">
         <name>.debug_info</name>
         <load_address>0xa2e0</load_address>
         <run_address>0xa2e0</run_address>
         <size>0x13e</size>
         <input_file_ref idref="fl-7"/>
      </object_component>
      <object_component id="oc-15f">
         <name>.debug_info</name>
         <load_address>0xa41e</load_address>
         <run_address>0xa41e</run_address>
         <size>0x261</size>
         <input_file_ref idref="fl-8"/>
      </object_component>
      <object_component id="oc-cc">
         <name>.debug_info</name>
         <load_address>0xa67f</load_address>
         <run_address>0xa67f</run_address>
         <size>0x1dc</size>
         <input_file_ref idref="fl-8"/>
      </object_component>
      <object_component id="oc-180">
         <name>.debug_info</name>
         <load_address>0xa85b</load_address>
         <run_address>0xa85b</run_address>
         <size>0x508</size>
         <input_file_ref idref="fl-8"/>
      </object_component>
      <object_component id="oc-219">
         <name>.debug_info</name>
         <load_address>0xad63</load_address>
         <run_address>0xad63</run_address>
         <size>0x43c</size>
         <input_file_ref idref="fl-8"/>
      </object_component>
      <object_component id="oc-1d7">
         <name>.debug_info</name>
         <load_address>0xb19f</load_address>
         <run_address>0xb19f</run_address>
         <size>0x316</size>
         <input_file_ref idref="fl-9"/>
      </object_component>
      <object_component id="oc-1d4">
         <name>.debug_info</name>
         <load_address>0xb4b5</load_address>
         <run_address>0xb4b5</run_address>
         <size>0xdd</size>
         <input_file_ref idref="fl-9"/>
      </object_component>
      <object_component id="oc-102">
         <name>.debug_info</name>
         <load_address>0xb592</load_address>
         <run_address>0xb592</run_address>
         <size>0xcf8</size>
         <input_file_ref idref="fl-9"/>
      </object_component>
      <object_component id="oc-251">
         <name>.debug_info</name>
         <load_address>0xc28a</load_address>
         <run_address>0xc28a</run_address>
         <size>0x91</size>
         <input_file_ref idref="fl-9"/>
      </object_component>
      <object_component id="oc-6b">
         <name>.debug_info</name>
         <load_address>0xc31b</load_address>
         <run_address>0xc31b</run_address>
         <size>0x7ea</size>
         <input_file_ref idref="fl-a"/>
      </object_component>
      <object_component id="oc-2e">
         <name>.debug_info</name>
         <load_address>0xcb05</load_address>
         <run_address>0xcb05</run_address>
         <size>0xfd</size>
         <input_file_ref idref="fl-c"/>
      </object_component>
      <object_component id="oc-119">
         <name>.debug_info</name>
         <load_address>0xcc02</load_address>
         <run_address>0xcc02</run_address>
         <size>0x41c</size>
         <input_file_ref idref="fl-d"/>
      </object_component>
      <object_component id="oc-88">
         <name>.debug_info</name>
         <load_address>0xd01e</load_address>
         <run_address>0xd01e</run_address>
         <size>0x520</size>
         <input_file_ref idref="fl-d"/>
      </object_component>
      <object_component id="oc-21e">
         <name>.debug_info</name>
         <load_address>0xd53e</load_address>
         <run_address>0xd53e</run_address>
         <size>0x280</size>
         <input_file_ref idref="fl-f"/>
      </object_component>
      <object_component id="oc-2cb">
         <name>.debug_info</name>
         <load_address>0xd7be</load_address>
         <run_address>0xd7be</run_address>
         <size>0x242</size>
         <input_file_ref idref="fl-f"/>
      </object_component>
      <object_component id="oc-18a">
         <name>.debug_info</name>
         <load_address>0xda00</load_address>
         <run_address>0xda00</run_address>
         <size>0x2af</size>
         <input_file_ref idref="fl-f"/>
      </object_component>
      <object_component id="oc-33">
         <name>.debug_info</name>
         <load_address>0xdcaf</load_address>
         <run_address>0xdcaf</run_address>
         <size>0x12f</size>
         <input_file_ref idref="fl-10"/>
      </object_component>
      <object_component id="oc-da">
         <name>.debug_info</name>
         <load_address>0xddde</load_address>
         <run_address>0xddde</run_address>
         <size>0x35c</size>
         <input_file_ref idref="fl-12"/>
      </object_component>
      <object_component id="oc-df">
         <name>.debug_info</name>
         <load_address>0xe13a</load_address>
         <run_address>0xe13a</run_address>
         <size>0x650</size>
         <input_file_ref idref="fl-13"/>
      </object_component>
      <object_component id="oc-76">
         <name>.debug_info</name>
         <load_address>0xe78a</load_address>
         <run_address>0xe78a</run_address>
         <size>0x2e81</size>
         <input_file_ref idref="fl-13"/>
      </object_component>
      <object_component id="oc-1f">
         <name>.debug_info</name>
         <load_address>0x1160b</load_address>
         <run_address>0x1160b</run_address>
         <size>0x59a</size>
         <input_file_ref idref="fl-14"/>
      </object_component>
      <object_component id="oc-9c">
         <name>.debug_info</name>
         <load_address>0x11ba5</load_address>
         <run_address>0x11ba5</run_address>
         <size>0x42c</size>
         <input_file_ref idref="fl-15"/>
      </object_component>
      <object_component id="oc-2b">
         <name>.debug_info</name>
         <load_address>0x11fd1</load_address>
         <run_address>0x11fd1</run_address>
         <size>0xd7</size>
         <input_file_ref idref="fl-15"/>
      </object_component>
      <object_component id="oc-3a">
         <name>.debug_info</name>
         <load_address>0x120a8</load_address>
         <run_address>0x120a8</run_address>
         <size>0x469</size>
         <input_file_ref idref="fl-15"/>
      </object_component>
      <object_component id="oc-3f">
         <name>.debug_info</name>
         <load_address>0x12511</load_address>
         <run_address>0x12511</run_address>
         <size>0x1f2</size>
         <input_file_ref idref="fl-15"/>
      </object_component>
      <object_component id="oc-149">
         <name>.debug_info</name>
         <load_address>0x12703</load_address>
         <run_address>0x12703</run_address>
         <size>0x4f</size>
         <input_file_ref idref="fl-15"/>
      </object_component>
      <object_component id="oc-d2">
         <name>.debug_info</name>
         <load_address>0x12752</load_address>
         <run_address>0x12752</run_address>
         <size>0x4fd</size>
         <input_file_ref idref="fl-16"/>
      </object_component>
      <object_component id="oc-70">
         <name>.debug_info</name>
         <load_address>0x12c4f</load_address>
         <run_address>0x12c4f</run_address>
         <size>0x728</size>
         <input_file_ref idref="fl-16"/>
      </object_component>
      <object_component id="oc-f4">
         <name>.debug_info</name>
         <load_address>0x13377</load_address>
         <run_address>0x13377</run_address>
         <size>0x483</size>
         <input_file_ref idref="fl-1b"/>
      </object_component>
      <object_component id="oc-82">
         <name>.debug_info</name>
         <load_address>0x137fa</load_address>
         <run_address>0x137fa</run_address>
         <size>0x190</size>
         <input_file_ref idref="fl-1b"/>
      </object_component>
      <object_component id="oc-4d">
         <name>.debug_info</name>
         <load_address>0x1398a</load_address>
         <run_address>0x1398a</run_address>
         <size>0x84</size>
         <input_file_ref idref="fl-1b"/>
      </object_component>
      <object_component id="oc-1af">
         <name>.debug_info</name>
         <load_address>0x13a0e</load_address>
         <run_address>0x13a0e</run_address>
         <size>0x39</size>
         <input_file_ref idref="fl-1b"/>
      </object_component>
      <object_component id="oc-22d">
         <name>.debug_info</name>
         <load_address>0x13a47</load_address>
         <run_address>0x13a47</run_address>
         <size>0x39</size>
         <input_file_ref idref="fl-1b"/>
      </object_component>
      <object_component id="oc-1b4">
         <name>.debug_info</name>
         <load_address>0x13a80</load_address>
         <run_address>0x13a80</run_address>
         <size>0xcd</size>
         <input_file_ref idref="fl-1b"/>
      </object_component>
      <object_component id="oc-b9">
         <name>.debug_info</name>
         <load_address>0x13b4d</load_address>
         <run_address>0x13b4d</run_address>
         <size>0x293</size>
         <input_file_ref idref="fl-1c"/>
      </object_component>
      <object_component id="oc-d">
         <name>.debug_info</name>
         <load_address>0x13de0</load_address>
         <run_address>0x13de0</run_address>
         <size>0x245</size>
         <input_file_ref idref="fl-1c"/>
      </object_component>
      <object_component id="oc-48">
         <name>.debug_info</name>
         <load_address>0x14025</load_address>
         <run_address>0x14025</run_address>
         <size>0x60</size>
         <input_file_ref idref="fl-1c"/>
      </object_component>
      <object_component id="oc-b4">
         <name>.debug_info</name>
         <load_address>0x14085</load_address>
         <run_address>0x14085</run_address>
         <size>0x46</size>
         <input_file_ref idref="fl-1c"/>
      </object_component>
      <object_component id="oc-5d">
         <name>.debug_info</name>
         <load_address>0x140cb</load_address>
         <run_address>0x140cb</run_address>
         <size>0x2d5</size>
         <input_file_ref idref="fl-1d"/>
      </object_component>
      <object_component id="oc-14">
         <name>.debug_info</name>
         <load_address>0x143a0</load_address>
         <run_address>0x143a0</run_address>
         <size>0x1ca</size>
         <input_file_ref idref="fl-1d"/>
      </object_component>
      <object_component id="oc-58">
         <name>.debug_info</name>
         <load_address>0x1456a</load_address>
         <run_address>0x1456a</run_address>
         <size>0x46</size>
         <input_file_ref idref="fl-1d"/>
      </object_component>
      <object_component id="oc-bb">
         <name>.debug_info</name>
         <load_address>0x145b0</load_address>
         <run_address>0x145b0</run_address>
         <size>0x2c</size>
         <input_file_ref idref="fl-1d"/>
      </object_component>
      <object_component id="oc-69">
         <name>.debug_info</name>
         <load_address>0x145dc</load_address>
         <run_address>0x145dc</run_address>
         <size>0x2c9</size>
         <input_file_ref idref="fl-1e"/>
      </object_component>
      <object_component id="oc-19">
         <name>.debug_info</name>
         <load_address>0x148a5</load_address>
         <run_address>0x148a5</run_address>
         <size>0x1aa</size>
         <input_file_ref idref="fl-1e"/>
      </object_component>
      <object_component id="oc-64">
         <name>.debug_info</name>
         <load_address>0x14a4f</load_address>
         <run_address>0x14a4f</run_address>
         <size>0x46</size>
         <input_file_ref idref="fl-1e"/>
      </object_component>
      <object_component id="oc-1ab">
         <name>.debug_info</name>
         <load_address>0x14a95</load_address>
         <run_address>0x14a95</run_address>
         <size>0x37a</size>
         <input_file_ref idref="fl-1f"/>
      </object_component>
      <object_component id="oc-e8">
         <name>.debug_info</name>
         <load_address>0x14e0f</load_address>
         <run_address>0x14e0f</run_address>
         <size>0x183</size>
         <input_file_ref idref="fl-1f"/>
      </object_component>
      <object_component id="oc-228">
         <name>.debug_info</name>
         <load_address>0x14f92</load_address>
         <run_address>0x14f92</run_address>
         <size>0x2c</size>
         <input_file_ref idref="fl-1f"/>
      </object_component>
      <object_component id="oc-122">
         <name>.debug_info</name>
         <load_address>0x14fbe</load_address>
         <run_address>0x14fbe</run_address>
         <size>0x3ce</size>
         <input_file_ref idref="fl-20"/>
      </object_component>
      <object_component id="oc-11c">
         <name>.debug_info</name>
         <load_address>0x1538c</load_address>
         <run_address>0x1538c</run_address>
         <size>0x185</size>
         <input_file_ref idref="fl-20"/>
      </object_component>
      <object_component id="oc-8e">
         <name>.debug_info</name>
         <load_address>0x15511</load_address>
         <run_address>0x15511</run_address>
         <size>0x214</size>
         <input_file_ref idref="fl-20"/>
      </object_component>
      <object_component id="oc-53">
         <name>.debug_info</name>
         <load_address>0x15725</load_address>
         <run_address>0x15725</run_address>
         <size>0x111</size>
         <input_file_ref idref="fl-21"/>
      </object_component>
      <object_component id="oc-5f">
         <name>.debug_info</name>
         <load_address>0x15836</load_address>
         <run_address>0x15836</run_address>
         <size>0x13f</size>
         <input_file_ref idref="fl-22"/>
      </object_component>
      <object_component id="oc-1f5">
         <name>.debug_info</name>
         <load_address>0x15975</load_address>
         <run_address>0x15975</run_address>
         <size>0x3c6</size>
         <input_file_ref idref="fl-23"/>
      </object_component>
      <object_component id="oc-10e">
         <name>.debug_info</name>
         <load_address>0x15d3b</load_address>
         <run_address>0x15d3b</run_address>
         <size>0x284</size>
         <input_file_ref idref="fl-23"/>
      </object_component>
      <object_component id="oc-2c1">
         <name>.debug_info</name>
         <load_address>0x15fbf</load_address>
         <run_address>0x15fbf</run_address>
         <size>0xae</size>
         <input_file_ref idref="fl-23"/>
      </object_component>
      <object_component id="oc-1f6">
         <name>.debug_info</name>
         <load_address>0x1606d</load_address>
         <run_address>0x1606d</run_address>
         <size>0x4e</size>
         <input_file_ref idref="fl-23"/>
      </object_component>
      <object_component id="oc-24c">
         <name>.debug_info</name>
         <load_address>0x160bb</load_address>
         <run_address>0x160bb</run_address>
         <size>0x2ce</size>
         <input_file_ref idref="fl-24"/>
      </object_component>
      <object_component id="oc-1ce">
         <name>.debug_info</name>
         <load_address>0x16389</load_address>
         <run_address>0x16389</run_address>
         <size>0x195</size>
         <input_file_ref idref="fl-24"/>
      </object_component>
      <object_component id="oc-247">
         <name>.debug_info</name>
         <load_address>0x1651e</load_address>
         <run_address>0x1651e</run_address>
         <size>0x39</size>
         <input_file_ref idref="fl-24"/>
      </object_component>
      <object_component id="oc-ee">
         <name>.debug_info</name>
         <load_address>0x16557</load_address>
         <run_address>0x16557</run_address>
         <size>0x145</size>
         <input_file_ref idref="fl-25"/>
      </object_component>
      <object_component id="oc-1bc">
         <name>.debug_info</name>
         <load_address>0x1669c</load_address>
         <run_address>0x1669c</run_address>
         <size>0x149</size>
         <input_file_ref idref="fl-26"/>
      </object_component>
      <object_component id="oc-211">
         <name>.debug_info</name>
         <load_address>0x167e5</load_address>
         <run_address>0x167e5</run_address>
         <size>0x2be</size>
         <input_file_ref idref="fl-27"/>
      </object_component>
      <object_component id="oc-11f">
         <name>.debug_info</name>
         <load_address>0x16aa3</load_address>
         <run_address>0x16aa3</run_address>
         <size>0x113</size>
         <input_file_ref idref="fl-27"/>
      </object_component>
      <object_component id="oc-20a">
         <name>.debug_info</name>
         <load_address>0x16bb6</load_address>
         <run_address>0x16bb6</run_address>
         <size>0x21f</size>
         <input_file_ref idref="fl-27"/>
      </object_component>
      <object_component id="oc-2ab">
         <name>.debug_info</name>
         <load_address>0x16dd5</load_address>
         <run_address>0x16dd5</run_address>
         <size>0x524</size>
         <input_file_ref idref="fl-28"/>
      </object_component>
      <object_component id="oc-1ec">
         <name>.debug_info</name>
         <load_address>0x172f9</load_address>
         <run_address>0x172f9</run_address>
         <size>0x1156</size>
         <input_file_ref idref="fl-28"/>
      </object_component>
      <object_component id="oc-2ac">
         <name>.debug_info</name>
         <load_address>0x1844f</load_address>
         <run_address>0x1844f</run_address>
         <size>0x86</size>
         <input_file_ref idref="fl-28"/>
      </object_component>
      <object_component id="oc-2b6">
         <name>.debug_info</name>
         <load_address>0x184d5</load_address>
         <run_address>0x184d5</run_address>
         <size>0x2c</size>
         <input_file_ref idref="fl-28"/>
      </object_component>
      <object_component id="oc-313">
         <name>.debug_info</name>
         <load_address>0x18501</load_address>
         <run_address>0x18501</run_address>
         <size>0x46</size>
         <input_file_ref idref="fl-28"/>
      </object_component>
      <object_component id="oc-2b1">
         <name>.debug_info</name>
         <load_address>0x18547</load_address>
         <run_address>0x18547</run_address>
         <size>0x39</size>
         <input_file_ref idref="fl-28"/>
      </object_component>
      <object_component id="oc-30e">
         <name>.debug_info</name>
         <load_address>0x18580</load_address>
         <run_address>0x18580</run_address>
         <size>0x2ae</size>
         <input_file_ref idref="fl-29"/>
      </object_component>
      <object_component id="oc-29f">
         <name>.debug_info</name>
         <load_address>0x1882e</load_address>
         <run_address>0x1882e</run_address>
         <size>0x171</size>
         <input_file_ref idref="fl-29"/>
      </object_component>
      <object_component id="oc-35d">
         <name>.debug_info</name>
         <load_address>0x1899f</load_address>
         <run_address>0x1899f</run_address>
         <size>0xee</size>
         <input_file_ref idref="fl-2a"/>
      </object_component>
      <object_component id="oc-30b">
         <name>.debug_info</name>
         <load_address>0x18a8d</load_address>
         <run_address>0x18a8d</run_address>
         <size>0xfa</size>
         <input_file_ref idref="fl-2a"/>
      </object_component>
      <object_component id="oc-2bd">
         <name>.debug_info</name>
         <load_address>0x18b87</load_address>
         <run_address>0x18b87</run_address>
         <size>0x139</size>
         <input_file_ref idref="fl-2b"/>
      </object_component>
      <object_component id="oc-1f2">
         <name>.debug_info</name>
         <load_address>0x18cc0</load_address>
         <run_address>0x18cc0</run_address>
         <size>0xf7</size>
         <input_file_ref idref="fl-2b"/>
      </object_component>
      <object_component id="oc-2e2">
         <name>.debug_info</name>
         <load_address>0x18db7</load_address>
         <run_address>0x18db7</run_address>
         <size>0x184</size>
         <input_file_ref idref="fl-2b"/>
      </object_component>
      <object_component id="oc-272">
         <name>.debug_info</name>
         <load_address>0x18f3b</load_address>
         <run_address>0x18f3b</run_address>
         <size>0x378</size>
         <input_file_ref idref="fl-2c"/>
      </object_component>
      <object_component id="oc-1e0">
         <name>.debug_info</name>
         <load_address>0x192b3</load_address>
         <run_address>0x192b3</run_address>
         <size>0x23f</size>
         <input_file_ref idref="fl-2c"/>
      </object_component>
      <object_component id="oc-280">
         <name>.debug_info</name>
         <load_address>0x194f2</load_address>
         <run_address>0x194f2</run_address>
         <size>0x43c</size>
         <input_file_ref idref="fl-2d"/>
      </object_component>
      <object_component id="oc-1e6">
         <name>.debug_info</name>
         <load_address>0x1992e</load_address>
         <run_address>0x1992e</run_address>
         <size>0x359</size>
         <input_file_ref idref="fl-2d"/>
      </object_component>
      <object_component id="oc-23a">
         <name>.debug_info</name>
         <load_address>0x19c87</load_address>
         <run_address>0x19c87</run_address>
         <size>0x147</size>
         <input_file_ref idref="fl-2e"/>
      </object_component>
      <object_component id="oc-2f5">
         <name>.debug_info</name>
         <load_address>0x19dce</load_address>
         <run_address>0x19dce</run_address>
         <size>0x2e6</size>
         <input_file_ref idref="fl-2f"/>
      </object_component>
      <object_component id="oc-287">
         <name>.debug_info</name>
         <load_address>0x1a0b4</load_address>
         <run_address>0x1a0b4</run_address>
         <size>0x1c2</size>
         <input_file_ref idref="fl-2f"/>
      </object_component>
      <object_component id="oc-310">
         <name>.debug_info</name>
         <load_address>0x1a276</load_address>
         <run_address>0x1a276</run_address>
         <size>0x28b</size>
         <input_file_ref idref="fl-30"/>
      </object_component>
      <object_component id="oc-2a5">
         <name>.debug_info</name>
         <load_address>0x1a501</load_address>
         <run_address>0x1a501</run_address>
         <size>0x1ab</size>
         <input_file_ref idref="fl-30"/>
      </object_component>
      <object_component id="oc-2f0">
         <name>.debug_info</name>
         <load_address>0x1a6ac</load_address>
         <run_address>0x1a6ac</run_address>
         <size>0x29a</size>
         <input_file_ref idref="fl-31"/>
      </object_component>
      <object_component id="oc-27a">
         <name>.debug_info</name>
         <load_address>0x1a946</load_address>
         <run_address>0x1a946</run_address>
         <size>0x242</size>
         <input_file_ref idref="fl-31"/>
      </object_component>
      <object_component id="oc-2f7">
         <name>.debug_info</name>
         <load_address>0x1ab88</load_address>
         <run_address>0x1ab88</run_address>
         <size>0x2d9</size>
         <input_file_ref idref="fl-32"/>
      </object_component>
      <object_component id="oc-28d">
         <name>.debug_info</name>
         <load_address>0x1ae61</load_address>
         <run_address>0x1ae61</run_address>
         <size>0x183</size>
         <input_file_ref idref="fl-32"/>
      </object_component>
      <object_component id="oc-2f8">
         <name>.debug_info</name>
         <load_address>0x1afe4</load_address>
         <run_address>0x1afe4</run_address>
         <size>0x2c</size>
         <input_file_ref idref="fl-32"/>
      </object_component>
      <object_component id="oc-307">
         <name>.debug_info</name>
         <load_address>0x1b010</load_address>
         <run_address>0x1b010</run_address>
         <size>0x316</size>
         <input_file_ref idref="fl-33"/>
      </object_component>
      <object_component id="oc-293">
         <name>.debug_info</name>
         <load_address>0x1b326</load_address>
         <run_address>0x1b326</run_address>
         <size>0x1a4</size>
         <input_file_ref idref="fl-33"/>
      </object_component>
      <object_component id="oc-309">
         <name>.debug_info</name>
         <load_address>0x1b4ca</load_address>
         <run_address>0x1b4ca</run_address>
         <size>0x28f</size>
         <input_file_ref idref="fl-34"/>
      </object_component>
      <object_component id="oc-299">
         <name>.debug_info</name>
         <load_address>0x1b759</load_address>
         <run_address>0x1b759</run_address>
         <size>0x244</size>
         <input_file_ref idref="fl-34"/>
      </object_component>
      <object_component id="oc-2ee">
         <name>.debug_info</name>
         <load_address>0x1b99d</load_address>
         <run_address>0x1b99d</run_address>
         <size>0x284</size>
         <input_file_ref idref="fl-35"/>
      </object_component>
      <object_component id="oc-274">
         <name>.debug_info</name>
         <load_address>0x1bc21</load_address>
         <run_address>0x1bc21</run_address>
         <size>0x22a</size>
         <input_file_ref idref="fl-35"/>
      </object_component>
      <object_component id="oc-282">
         <name>.debug_info</name>
         <load_address>0x1be4b</load_address>
         <run_address>0x1be4b</run_address>
         <size>0x182</size>
         <input_file_ref idref="fl-36"/>
      </object_component>
      <object_component id="oc-2ea">
         <name>.debug_info</name>
         <load_address>0x1bfcd</load_address>
         <run_address>0x1bfcd</run_address>
         <size>0x4c5</size>
         <input_file_ref idref="fl-37"/>
      </object_component>
      <object_component id="oc-33c">
         <name>.debug_info</name>
         <load_address>0x1c492</load_address>
         <run_address>0x1c492</run_address>
         <size>0xf8</size>
         <input_file_ref idref="fl-37"/>
      </object_component>
      <object_component id="oc-2e7">
         <name>.debug_info</name>
         <load_address>0x1c58a</load_address>
         <run_address>0x1c58a</run_address>
         <size>0xf8</size>
         <input_file_ref idref="fl-37"/>
      </object_component>
      <object_component id="oc-26c">
         <name>.debug_info</name>
         <load_address>0x1c682</load_address>
         <run_address>0x1c682</run_address>
[...]
      </symbol>
      <symbol id="sm-5c3">
         <name>fmcBus2Check</name>
         <value>0x85c</value>
         <object_component_ref idref="oc-75"/>
      </symbol>
      <symbol id="sm-5c4">
         <name>checkRAMUERRTest</name>
         <value>0x215c</value>
         <object_component_ref idref="oc-75"/>
      </symbol>
      <symbol id="sm-5c5">
         <name>efcStuckZeroTest</name>
         <value>0x6e8</value>
         <object_component_ref idref="oc-75"/>
      </symbol>
      <symbol id="sm-5c6">
         <name>checkPLL2Slip</name>
         <value>0x1f8c</value>
         <object_component_ref idref="oc-75"/>
      </symbol>
      <symbol id="sm-5ee">
         <name>_c_int00</name>
         <value>0x90b4</value>
         <object_component_ref idref="oc-1e"/>
      </symbol>
      <symbol id="sm-69d">
         <name>vimChannelMap</name>
         <value>0x5464</value>
         <object_component_ref idref="oc-39"/>
      </symbol>
      <symbol id="sm-69e">
         <name>vimInit</name>
         <value>0x5390</value>
         <object_component_ref idref="oc-39"/>
      </symbol>
      <symbol id="sm-69f">
         <name>vimEnableInterrupt</name>
         <value>0x5508</value>
         <object_component_ref idref="oc-39"/>
      </symbol>
      <symbol id="sm-6a0">
         <name>vimDisableInterrupt</name>
         <value>0x56d0</value>
         <object_component_ref idref="oc-39"/>
      </symbol>
      <symbol id="sm-6a1">
         <name>vimGetConfigValue</name>
         <value>0x577c</value>
         <object_component_ref idref="oc-39"/>
      </symbol>
      <symbol id="sm-6a2">
         <name>vimParityErrorHandler</name>
         <value>0x8b30</value>
         <object_component_ref idref="oc-38"/>
      </symbol>
      <symbol id="sm-6fc">
         <name>systemGetConfigValue</name>
         <value>0x40dc</value>
         <object_component_ref idref="oc-6f"/>
      </symbol>
      <symbol id="sm-6fd">
         <name>trimLPO</name>
         <value>0x3ddc</value>
         <object_component_ref idref="oc-6f"/>
      </symbol>
      <symbol id="sm-6fe">
         <name>systemInit</name>
         <value>0x3fe0</value>
         <object_component_ref idref="oc-6f"/>
      </symbol>
      <symbol id="sm-6ff">
         <name>tcmflashGetConfigValue</name>
         <value>0x44f0</value>
         <object_component_ref idref="oc-6f"/>
      </symbol>
      <symbol id="sm-700">
         <name>sramGetConfigValue</name>
         <value>0x469c</value>
         <object_component_ref idref="oc-6f"/>
      </symbol>
      <symbol id="sm-701">
         <name>periphInit</name>
         <value>0x3e64</value>
         <object_component_ref idref="oc-6f"/>
      </symbol>
      <symbol id="sm-702">
         <name>setupFlash</name>
         <value>0x3e24</value>
         <object_component_ref idref="oc-6f"/>
      </symbol>
      <symbol id="sm-703">
         <name>setupPLL</name>
         <value>0x3d7c</value>
         <object_component_ref idref="oc-6f"/>
      </symbol>
      <symbol id="sm-704">
         <name>mapClocks</name>
         <value>0x3eb8</value>
         <object_component_ref idref="oc-6f"/>
      </symbol>
      <symbol id="sm-705">
         <name>systemPowerDown</name>
         <value>0x40ac</value>
         <object_component_ref idref="oc-6f"/>
      </symbol>
      <symbol id="sm-734">
         <name>__TI_auto_init</name>
         <value>0xa421</value>
         <object_component_ref idref="oc-81"/>
      </symbol>
      <symbol id="sm-752">
         <name>__TI_decompress_lzss</name>
         <value>0xa501</value>
         <object_component_ref idref="oc-c"/>
      </symbol>
      <symbol id="sm-769">
         <name>__TI_decompress_none</name>
         <value>0xac01</value>
         <object_component_ref idref="oc-12"/>
      </symbol>
      <symbol id="sm-77b">
         <name>__TI_zero_init</name>
         <value>0xac0f</value>
         <object_component_ref idref="oc-18"/>
      </symbol>
      <symbol id="sm-795">
         <name>copy_in</name>
         <value>0xa9b9</value>
         <object_component_ref idref="oc-e7"/>
      </symbol>
      <symbol id="sm-7b6">
         <name>C$$EXIT</name>
         <value>0xa919</value>
         <object_component_ref idref="oc-8d"/>
      </symbol>
      <symbol id="sm-7b7">
         <name>abort</name>
         <value>0xa91d</value>
         <object_component_ref idref="oc-8d"/>
      </symbol>
      <symbol id="sm-7b8">
         <name>exit</name>
         <value>0xa925</value>
         <object_component_ref idref="oc-8d"/>
      </symbol>
      <symbol id="sm-7b9">
         <name>__TI_dtors_ptr</name>
         <value>0x8001ecc</value>
         <object_component_ref idref="oc-11b"/>
      </symbol>
      <symbol id="sm-7ba">
         <name>__TI_cleanup_ptr</name>
         <value>0x8001ec8</value>
         <object_component_ref idref="oc-11b"/>
      </symbol>
      <symbol id="sm-7bb">
         <name>__TI_enable_exit_profile_output</name>
         <value>0x8001ed0</value>
         <object_component_ref idref="oc-11b"/>
      </symbol>
      <symbol id="sm-7d6">
         <name>memcpy</name>
         <value>0xa0ef</value>
         <object_component_ref idref="oc-52"/>
      </symbol>
      <symbol id="sm-7d7">
         <name>__aeabi_memcpy</name>
         <value>0xa0ef</value>
         <object_component_ref idref="oc-52"/>
      </symbol>
      <symbol id="sm-7d8">
         <name>__aeabi_memcpy8</name>
         <value>0xa0ef</value>
         <object_component_ref idref="oc-52"/>
      </symbol>
      <symbol id="sm-7d9">
         <name>__aeabi_memcpy4</name>
         <value>0xa0ef</value>
         <object_component_ref idref="oc-52"/>
      </symbol>
      <symbol id="sm-7e8">
         <name>__aeabi_memset</name>
         <value>0xa2bf</value>
         <object_component_ref idref="oc-5e"/>
      </symbol>
      <symbol id="sm-7e9">
         <name>memset</name>
         <value>0xa2c5</value>
         <object_component_ref idref="oc-5e"/>
      </symbol>
      <symbol id="sm-7ea">
         <name>__aeabi_memset8</name>
         <value>0xa2bf</value>
         <object_component_ref idref="oc-5e"/>
      </symbol>
      <symbol id="sm-7eb">
         <name>__aeabi_memset4</name>
         <value>0xa2bf</value>
         <object_component_ref idref="oc-5e"/>
      </symbol>
      <symbol id="sm-7ec">
         <name>__aeabi_memclr8</name>
         <value>0xa2bd</value>
         <object_component_ref idref="oc-5e"/>
      </symbol>
      <symbol id="sm-7ed">
         <name>__aeabi_memclr4</name>
         <value>0xa2bd</value>
         <object_component_ref idref="oc-5e"/>
      </symbol>
      <symbol id="sm-7ee">
         <name>__aeabi_memclr</name>
         <value>0xa2bd</value>
         <object_component_ref idref="oc-5e"/>
      </symbol>
      <symbol id="sm-811">
         <name>printf</name>
         <value>0xa499</value>
         <object_component_ref idref="oc-10d"/>
      </symbol>
      <symbol id="sm-832">
         <name>floorl</name>
         <value>0x9c1d</value>
         <object_component_ref idref="oc-1cd"/>
      </symbol>
      <symbol id="sm-833">
         <name>floor</name>
         <value>0x9c1d</value>
         <object_component_ref idref="oc-1cd"/>
      </symbol>
      <symbol id="sm-83d">
         <name>_system_post_cinit</name>
         <value>0xa18b</value>
         <object_component_ref idref="oc-ed"/>
      </symbol>
      <symbol id="sm-849">
         <name>__aeabi_uidivmod</name>
         <value>0xa968</value>
         <object_component_ref idref="oc-1bb"/>
      </symbol>
      <symbol id="sm-84a">
         <name>__aeabi_uidiv</name>
         <value>0xa968</value>
         <object_component_ref idref="oc-1bb"/>
      </symbol>
      <symbol id="sm-863">
         <name>_nop</name>
         <value>0xabe7</value>
         <object_component_ref idref="oc-209"/>
      </symbol>
      <symbol id="sm-864">
         <name>_lock</name>
         <value>0x8001ee0</value>
         <object_component_ref idref="oc-11e"/>
      </symbol>
      <symbol id="sm-865">
         <name>_unlock</name>
         <value>0x8001ee4</value>
         <object_component_ref idref="oc-11e"/>
      </symbol>
      <symbol id="sm-866">
         <name>_register_lock</name>
         <value>0xabdf</value>
         <object_component_ref idref="oc-209"/>
      </symbol>
      <symbol id="sm-867">
         <name>_register_unlock</name>
         <value>0xabd9</value>
         <object_component_ref idref="oc-209"/>
      </symbol>
      <symbol id="sm-960">
         <name>__TI_printfi</name>
         <value>0x34c1</value>
         <object_component_ref idref="oc-1eb"/>
      </symbol>
      <symbol id="sm-975">
         <name>atoi</name>
         <value>0xa8c9</value>
         <object_component_ref idref="oc-29e"/>
      </symbol>
      <symbol id="sm-980">
         <name>_ctypes_</name>
         <value>0xb1c0</value>
         <object_component_ref idref="oc-30a"/>
      </symbol>
      <symbol id="sm-995">
         <name>__TI_tmpnams</name>
         <value>0x8002014</value>
      </symbol>
      <symbol id="sm-996">
         <name>__aeabi_stdout</name>
         <value>0x8001ec0</value>
         <object_component_ref idref="oc-2e1"/>
      </symbol>
      <symbol id="sm-997">
         <name>__aeabi_stderr</name>
         <value>0x8001ec4</value>
         <object_component_ref idref="oc-2e1"/>
      </symbol>
      <symbol id="sm-998">
         <name>__aeabi_stdin</name>
         <value>0x8001ebc</value>
         <object_component_ref idref="oc-2e1"/>
      </symbol>
      <symbol id="sm-999">
         <name>_ftable</name>
         <value>0x8001d00</value>
         <object_component_ref idref="oc-1f1"/>
      </symbol>
      <symbol id="sm-99a">
         <name>__TI_ft_end</name>
         <value>0x8001eb8</value>
         <object_component_ref idref="oc-2e1"/>
      </symbol>
      <symbol id="sm-9b1">
         <name>putc</name>
         <value>0xa225</value>
         <object_component_ref idref="oc-1df"/>
      </symbol>
      <symbol id="sm-9b2">
         <name>fputc</name>
         <value>0xa225</value>
         <object_component_ref idref="oc-1df"/>
      </symbol>
      <symbol id="sm-9b3">
         <name>putchar</name>
         <value>0xa2ab</value>
         <object_component_ref idref="oc-1df"/>
      </symbol>
      <symbol id="sm-9d5">
         <name>puts</name>
         <value>0x981d</value>
         <object_component_ref idref="oc-1e5"/>
      </symbol>
      <symbol id="sm-9d6">
         <name>fputs</name>
         <value>0x970d</value>
         <object_component_ref idref="oc-1e5"/>
      </symbol>
      <symbol id="sm-9e0">
         <name>__aeabi_idiv0</name>
         <value>0x3d7b</value>
         <object_component_ref idref="oc-239"/>
      </symbol>
      <symbol id="sm-9ef">
         <name>ltoa</name>
         <value>0xa875</value>
         <object_component_ref idref="oc-286"/>
      </symbol>
      <symbol id="sm-9ff">
         <name>memccpy</name>
         <value>0xab61</value>
         <object_component_ref idref="oc-2a4"/>
      </symbol>
      <symbol id="sm-a0f">
         <name>memchr</name>
         <value>0xab41</value>
         <object_component_ref idref="oc-279"/>
      </symbol>
      <symbol id="sm-a28">
         <name>frexpl</name>
         <value>0xa3ad</value>
         <object_component_ref idref="oc-28c"/>
      </symbol>
      <symbol id="sm-a29">
         <name>frexp</name>
         <value>0xa3ad</value>
         <object_component_ref idref="oc-28c"/>
      </symbol>
      <symbol id="sm-a47">
         <name>scalbn</name>
         <value>0x9959</value>
         <object_component_ref idref="oc-292"/>
      </symbol>
      <symbol id="sm-a48">
         <name>scalbnl</name>
         <value>0x9959</value>
         <object_component_ref idref="oc-292"/>
      </symbol>
      <symbol id="sm-a49">
         <name>ldexpl</name>
         <value>0x9959</value>
         <object_component_ref idref="oc-292"/>
      </symbol>
      <symbol id="sm-a4a">
         <name>ldexp</name>
         <value>0x9959</value>
         <object_component_ref idref="oc-292"/>
      </symbol>
      <symbol id="sm-a5a">
         <name>strchr</name>
         <value>0xabad</value>
         <object_component_ref idref="oc-298"/>
      </symbol>
      <symbol id="sm-a68">
         <name>strlen</name>
         <value>0xabc3</value>
         <object_component_ref idref="oc-273"/>
      </symbol>
      <symbol id="sm-a84">
         <name>__aeabi_uldivmod</name>
         <value>0x8dfc</value>
         <object_component_ref idref="oc-281"/>
      </symbol>
      <symbol id="sm-aaa">
         <name>_stream</name>
         <value>0x8001e68</value>
         <object_component_ref idref="oc-2e6"/>
      </symbol>
      <symbol id="sm-aab">
         <name>_device</name>
         <value>0x8001df0</value>
         <object_component_ref idref="oc-33b"/>
      </symbol>
      <symbol id="sm-aac">
         <name>write</name>
         <value>0xab19</value>
         <object_component_ref idref="oc-26b"/>
      </symbol>
      <symbol id="sm-aca">
         <name>__TI_wrt_ok</name>
         <value>0xa041</value>
         <object_component_ref idref="oc-25f"/>
      </symbol>
      <symbol id="sm-acb">
         <name>__TI_rd_ok</name>
         <value>0xa0a5</value>
         <object_component_ref idref="oc-25f"/>
      </symbol>
      <symbol id="sm-ad3">
         <name>errno</name>
         <value>0x8001ee8</value>
         <object_component_ref idref="oc-303"/>
      </symbol>
      <symbol id="sm-aee">
         <name>__TI_doflush</name>
         <value>0x9eb9</value>
         <object_component_ref idref="oc-265"/>
      </symbol>
      <symbol id="sm-aef">
         <name>fflush</name>
         <value>0x9f05</value>
         <object_component_ref idref="oc-265"/>
      </symbol>
      <symbol id="sm-b01">
         <name>fseek</name>
         <value>0xa6a9</value>
         <object_component_ref idref="oc-2d3"/>
      </symbol>
      <symbol id="sm-b12">
         <name>HOSTclose</name>
         <value>0xaa05</value>
         <object_component_ref idref="oc-381"/>
      </symbol>
      <symbol id="sm-b23">
         <name>HOSTlseek</name>
         <value>0xa5d9</value>
         <object_component_ref idref="oc-393"/>
      </symbol>
      <symbol id="sm-b35">
         <name>parmbuf</name>
         <value>0x80020dc</value>
      </symbol>
      <symbol id="sm-b36">
         <name>HOSTopen</name>
         <value>0xa70d</value>
         <object_component_ref idref="oc-37b"/>
      </symbol>
      <symbol id="sm-b47">
         <name>HOSTread</name>
         <value>0xa769</value>
         <object_component_ref idref="oc-387"/>
      </symbol>
      <symbol id="sm-b58">
         <name>HOSTrename</name>
         <value>0xa641</value>
         <object_component_ref idref="oc-39f"/>
      </symbol>
      <symbol id="sm-b69">
         <name>HOSTunlink</name>
         <value>0xaa49</value>
         <object_component_ref idref="oc-399"/>
      </symbol>
      <symbol id="sm-b7a">
         <name>HOSTwrite</name>
         <value>0xa81d</value>
         <object_component_ref idref="oc-38d"/>
      </symbol>
      <symbol id="sm-b8a">
         <name>lseek</name>
         <value>0xaaf1</value>
         <object_component_ref idref="oc-31a"/>
      </symbol>
      <symbol id="sm-b94">
         <name>copysign</name>
         <value>0xab7d</value>
         <object_component_ref idref="oc-2fd"/>
      </symbol>
      <symbol id="sm-b95">
         <name>copysignl</name>
         <value>0xab7d</value>
         <object_component_ref idref="oc-2fd"/>
      </symbol>
      <symbol id="sm-bb1">
         <name>setvbuf</name>
         <value>0x9ddd</value>
         <object_component_ref idref="oc-2d9"/>
      </symbol>
      <symbol id="sm-bbf">
         <name>strcpy</name>
         <value>0xabed</value>
         <object_component_ref idref="oc-3db"/>
      </symbol>
      <symbol id="sm-bda">
         <name>__TI_readmsg</name>
         <value>0xa5a3</value>
         <object_component_ref idref="oc-3c7"/>
      </symbol>
      <symbol id="sm-bdb">
         <name>C$$IO$$</name>
         <value>0xa59f</value>
         <object_component_ref idref="oc-3c7"/>
      </symbol>
      <symbol id="sm-bdc">
         <name>__CIOBUF_</name>
         <value>0x8001ef4</value>
         <object_component_ref idref="oc-3f9"/>
      </symbol>
      <symbol id="sm-bdd">
         <name>__TI_writemsg</name>
         <value>0xa56d</value>
         <object_component_ref idref="oc-3c7"/>
      </symbol>
      <symbol id="sm-c14">
         <name>__TI_cleanup</name>
         <value>0x960f</value>
         <object_component_ref idref="oc-328"/>
      </symbol>
      <symbol id="sm-c15">
         <name>freopen</name>
         <value>0x963b</value>
         <object_component_ref idref="oc-328"/>
      </symbol>
      <symbol id="sm-c16">
         <name>fopen</name>
         <value>0x9665</value>
         <object_component_ref idref="oc-328"/>
      </symbol>
      <symbol id="sm-c85">
         <name>_sys_memory</name>
         <value>0x8001500</value>
         <object_component_ref idref="oc-44"/>
      </symbol>
      <symbol id="sm-c86">
         <name>free</name>
         <value>0x84f5</value>
         <object_component_ref idref="oc-322"/>
      </symbol>
      <symbol id="sm-c87">
         <name>realloc</name>
         <value>0x85b5</value>
         <object_component_ref idref="oc-322"/>
      </symbol>
      <symbol id="sm-c88">
         <name>memalign</name>
         <value>0x86c1</value>
         <object_component_ref idref="oc-322"/>
      </symbol>
      <symbol id="sm-c89">
         <name>calloc</name>
         <value>0x87b3</value>
         <object_component_ref idref="oc-322"/>
      </symbol>
      <symbol id="sm-c8a">
         <name>malloc</name>
         <value>0x848b</value>
         <object_component_ref idref="oc-322"/>
      </symbol>
      <symbol id="sm-c8b">
         <name>minit</name>
         <value>0x840d</value>
         <object_component_ref idref="oc-322"/>
      </symbol>
      <symbol id="sm-ca7">
         <name>open</name>
         <value>0x9f85</value>
         <object_component_ref idref="oc-36a"/>
      </symbol>
      <symbol id="sm-cbd">
         <name>__TI_closefile</name>
         <value>0xa18d</value>
         <object_component_ref idref="oc-370"/>
      </symbol>
      <symbol id="sm-cbe">
         <name>fclose</name>
         <value>0xa1f3</value>
         <object_component_ref idref="oc-370"/>
      </symbol>
      <symbol id="sm-cd8">
         <name>finddevice</name>
         <value>0xa339</value>
         <object_component_ref idref="oc-3ad"/>
      </symbol>
      <symbol id="sm-cd9">
         <name>getdevice</name>
         <value>0xa367</value>
         <object_component_ref idref="oc-3ad"/>
      </symbol>
      <symbol id="sm-ce9">
         <name>strcmp</name>
         <value>0xab95</value>
         <object_component_ref idref="oc-3e3"/>
      </symbol>
      <symbol id="sm-cf9">
         <name>strncpy</name>
         <value>0xaa8d</value>
         <object_component_ref idref="oc-3e9"/>
      </symbol>
      <symbol id="sm-d09">
         <name>unlink</name>
         <value>0xaac5</value>
         <object_component_ref idref="oc-3bc"/>
      </symbol>
      <symbol id="sm-d1d">
         <name>close</name>
         <value>0xa7c5</value>
         <object_component_ref idref="oc-3b6"/>
      </symbol>
      <symbol id="sm-d1e">
         <name>__TI_static_base__</name>
         <value>0x0</value>
      </symbol>
      <symbol id="sm-d21">
         <name>SHT$$INIT_ARRAY$$Base</name>
         <value>0x0</value>
      </symbol>
      <symbol id="sm-d22">
         <name>SHT$$INIT_ARRAY$$Limit</name>
         <value>0x0</value>
      </symbol>
      <symbol id="sm-d23">
         <name>remove</name>
         <value>0xaac5</value>
      </symbol>
   </symbol_table>
   <title>Link successful</title>
</link_info>
