******************************************************************************
                  TI ARM Linker Unix v16.9.6                   
******************************************************************************
>> Linked Sat Mar  9 15:36:24 2019

OUTPUT FILE NAME:   <Test2_copy.out>
ENTRY POINT SYMBOL: "_c_int00"  address: 000090b4


MEMORY CONFIGURATION

         name            origin    length      used     unused   attr    fill
----------------------  --------  ---------  --------  --------  ----  --------
  VECTORS               00000000   00000020  00000020  00000000     X
  FLASH0                00000020   0013ffe0  0000b384  00134c5c  R  X
  STACKS                08000000   00001500  00000000  00001500  RW  
  RAM                   08001500   0002eb00  00000be4  0002df1c  RW  


SEGMENT ALLOCATION MAP

run origin  load origin   length   init length attrs members
----------  ----------- ---------- ----------- ----- -------
00000000    00000000    0000b3a8   0000b3a8    r-x
  00000000    00000000    00000020   00000020    r-x .intvecs
  00000020    00000020    0000ac00   0000ac00    r-x .text
  0000ac20    0000ac20    000006f4   000006f4    r-- .const
  0000b318    0000b318    00000090   00000090    r-- .cinit
08001500    08001500    00000be4   00000000    rw-
  08001500    08001500    00000800   00000000    rw- .sysmem
  08001d00    08001d00    000001f4   00000000    rw- .data
  08001ef4    08001ef4    000001f0   00000000    rw- .bss


SECTION ALLOCATION MAP

 output                                  attributes/
section   page    origin      length       input sections
--------  ----  ----------  ----------   ----------------
.intvecs   0    00000000    00000020     
                  00000000    00000020     sys_intvecs.obj (.intvecs)

.text      0    00000020    0000ac00     
                  00000020    00002cdc     sys_selftest.obj (.text)
                  00002cfc    0000107e     rtsv7R4_T_be_v3D16_eabi.lib : _printfi.obj (.text)
                  00003d7a    00000002                                 : i_div0.obj (.text)
                  00003d7c    00000b28     system.obj (.text)
                  000048a4    00000aec     adc.obj (.text)
                  00005390    00000a54     sys_vim.obj (.text)
                  00005de4    00000a2c     sci.obj (.text)
                  00006810    000008f0     het.obj (.text)
                  00007100    000008b0     pinmux.obj (.text)
                  000079b0    000005d8     esm.obj (.text)
                  00007f88    00000484     gio.obj (.text)
                  0000840c    000003d8     rtsv7R4_T_be_v3D16_eabi.lib : memory.obj (.text)
                  000087e4    0000034c     sys_core.obj (.text)
                  00008b30    000002cc     sys_vim.obj (.text:retain)
                  00008dfc    000002b8     rtsv7R4_T_be_v3D16_eabi.lib : ull_div32.obj (.text)
                  000090b4    0000027c     sys_startup.obj (.text:retain)
                  00009330    00000214     sys_main.obj (.text)
                  00009544    000001c8     rtsv7R4_T_be_v3D16_eabi.lib : fopen.obj (.text)
                  0000970c    00000138                                 : fputs.obj (.text)
                  00009844    00000114     esm.obj (.text:retain)
                  00009958    000000f4     rtsv7R4_T_be_v3D16_eabi.lib : s_scalbn.obj (.text)
                  00009a4c    000000e8     dabort.obj (.text)
                  00009b34    000000e8     notification.obj (.text)
                  00009c1c    000000e0     rtsv7R4_T_be_v3D16_eabi.lib : s_floor.obj (.text)
                  00009cfc    000000e0     sys_pmu.obj (.text)
                  00009ddc    000000dc     rtsv7R4_T_be_v3D16_eabi.lib : setvbuf.obj (.text)
                  00009eb8    000000cc                                 : fflush.obj (.text)
                  00009f84    000000bc                                 : open.obj (.text)
                  0000a040    000000ae                                 : _io_perm.obj (.text)
                  0000a0ee    0000009c                                 : memcpy_t2.obj (.text)
                  0000a18a    00000002                                 : startup.obj (.text)
                  0000a18c    00000098                                 : fclose.obj (.text)
                  0000a224    00000098                                 : fputc.obj (.text)
                  0000a2bc    0000007a                                 : memset_t2.obj (.text)
                  0000a336    00000002     --HOLE-- [fill = 0]
                  0000a338    00000074                                 : getdevice.obj (.text)
                  0000a3ac    00000074                                 : s_frexp.obj (.text)
                  0000a420    00000070                                 : autoinit.obj (.text)
                  0000a490    00000070                                 : printf.obj (.text)
                  0000a500    0000006c                                 : copy_decompress_lzss.obj (.text:decompress:lzss)
                  0000a56c    0000006c                                 : trgmsg.obj (.text)
                  0000a5d8    00000068                                 : hostlseek.obj (.text)
                  0000a640    00000068                                 : hostrename.obj (.text)
                  0000a6a8    00000064                                 : fseek.obj (.text)
                  0000a70c    0000005c                                 : hostopen.obj (.text)
                  0000a768    0000005c                                 : hostread.obj (.text)
                  0000a7c4    00000058                                 : close.obj (.text)
                  0000a81c    00000058                                 : hostwrite.obj (.text)
                  0000a874    00000054                                 : ltoa.obj (.text)
                  0000a8c8    00000050                                 : atoi.obj (.text)
                  0000a918    00000050                                 : exit.obj (.text)
                  0000a968    00000050                                 : u_div32.obj (.text)
                  0000a9b8    0000004c                                 : cpy_tbl.obj (.text)
                  0000aa04    00000044                                 : hostclose.obj (.text)
                  0000aa48    00000044                                 : hostunlink.obj (.text)
                  0000aa8c    00000036                                 : strncpy.obj (.text)
                  0000aac2    00000002     --HOLE-- [fill = 0]
                  0000aac4    0000002c                                 : unlink.obj (.text)
                  0000aaf0    00000028                                 : lseek.obj (.text)
                  0000ab18    00000028                                 : write.obj (.text)
                  0000ab40    00000020                                 : memchr.obj (.text)
                  0000ab60    0000001c                                 : memccpy.obj (.text)
                  0000ab7c    00000018                                 : s_copysign.obj (.text)
                  0000ab94    00000018                                 : strcmp.obj (.text)
                  0000abac    00000016                                 : strchr.obj (.text)
                  0000abc2    00000016                                 : strlen.obj (.text)
                  0000abd8    00000014                                 : _lock.obj (.text)
                  0000abec    00000014                                 : strcpy.obj (.text)
                  0000ac00    0000000e                                 : copy_decompress_none.obj (.text:decompress:none)
                  0000ac0e    0000000c                                 : copy_zero_init.obj (.text:decompress:ZI)
                  0000ac1a    00000002     --HOLE-- [fill = 0]
                  0000ac1c    00000004     sys_phantom.obj (.text:retain)

.const     0    0000ac20    000006f4     
                  0000ac20    000003a0     het.obj (.const:het1PROGRAM)
                  0000afc0    00000200     sys_vim.obj (.const:s_vim_init)
                  0000b1c0    00000101     rtsv7R4_T_be_v3D16_eabi.lib : ctype.obj (.const:.string:_ctypes_)
                  0000b2c1    00000003     --HOLE-- [fill = 0]
                  0000b2c4    00000020     het.obj (.const:s_het1pwmPolarity)
                  0000b2e4    00000018     adc.obj (.const:s_adcFiFoSize)
                  0000b2fc    00000018     adc.obj (.const:s_adcSelect)

.cinit     0    0000b318    00000090     
                  0000b318    0000006a     (.cinit..data.load) [load image, compression = lzss]
                  0000b382    00000002     --HOLE-- [fill = 0]
                  0000b384    0000000c     (__TI_handler_table)
                  0000b390    00000008     (.cinit..bss.load) [load image, compression = zero_init]
                  0000b398    00000010     (__TI_cinit_table)

.sysmem    0    08001500    00000800     UNINITIALIZED
                  08001500    00000008     rtsv7R4_T_be_v3D16_eabi.lib : memory.obj (.sysmem)
                  08001508    000007f8     --HOLE--

.data      0    08001d00    000001f4     UNINITIALIZED
                  08001d00    000000f0     rtsv7R4_T_be_v3D16_eabi.lib : defs.obj (.data:_ftable)
                  08001df0    00000078                                 : write.obj (.data:_device)
                  08001e68    00000050                                 : write.obj (.data:_stream)
                  08001eb8    00000010                                 : defs.obj (.data)
                  08001ec8    0000000c                                 : exit.obj (.data:$O1$$)
                  08001ed4    0000000c                                 : memory.obj (.data:$O1$$)
                  08001ee0    00000008                                 : _lock.obj (.data:$O1$$)
                  08001ee8    00000004                                 : errno.obj (.data)
                  08001eec    00000004                                 : fopen.obj (.data)
                  08001ef0    00000004                                 : open.obj (.data)

.bss       0    08001ef4    000001f0     UNINITIALIZED
                  08001ef4    00000120     rtsv7R4_T_be_v3D16_eabi.lib : trgmsg.obj (.bss:_CIOBUF_)
                  08002014    000000a0     (.common:__TI_tmpnams)
                  080020b4    00000028     sci.obj (.bss:g_sciTransfer_t)
                  080020dc    00000008     (.common:parmbuf)

MODULE SUMMARY

       Module                     code    ro data   rw data
       ------                     ----    -------   -------
    ./source/
       sys_selftest.obj           11484   0         0      
       sys_vim.obj                3360    512       0      
       het.obj                    2288    960       0      
       system.obj                 2856    0         0      
       adc.obj                    2796    48        0      
       sci.obj                    2604    0         40     
       pinmux.obj                 2224    0         0      
       esm.obj                    1772    0         0      
       gio.obj                    1156    0         0      
       sys_core.obj               844     0         0      
       sys_startup.obj            636     0         0      
       sys_main.obj               532     0         0      
       dabort.obj                 232     0         0      
       notification.obj           232     0         0      
       sys_pmu.obj                224     0         0      
       sys_intvecs.obj            32      0         0      
       sys_phantom.obj            4       0         0      
    +--+--------------------------+-------+---------+---------+
       Total:                     33276   1520      40     
                                                           
    /home/tiger/ADCS/workspace/ccsv7/tools/compiler/ti-cgt-arm_16.9.6.LTS/lib/rtsv7R4_T_be_v3D16_eabi.lib
       _printfi.obj               4222    0         0      
       memory.obj                 984     0         12     
       ull_div32.obj              696     0         0      
       fopen.obj                  456     0         4      
       defs.obj                   0       0         416    
       trgmsg.obj                 108     0         288    
       fputs.obj                  312     0         0      
       ctype.obj                  0       257       0      
       s_scalbn.obj               244     0         0      
       write.obj                  40      0         200    
       s_floor.obj                224     0         0      
       setvbuf.obj                220     0         0      
       fflush.obj                 204     0         0      
       open.obj                   188     0         4      
       _io_perm.obj               174     0         0      
       memcpy_t2.obj              156     0         0      
       fclose.obj                 152     0         0      
       fputc.obj                  152     0         0      
       memset_t2.obj              122     0         0      
       getdevice.obj              116     0         0      
       s_frexp.obj                116     0         0      
       autoinit.obj               112     0         0      
       printf.obj                 112     0         0      
       copy_decompress_lzss.obj   108     0         0      
       hostlseek.obj              104     0         0      
       hostrename.obj             104     0         0      
       fseek.obj                  100     0         0      
       hostopen.obj               92      0         8      
       exit.obj                   80      0         12     
       hostread.obj               92      0         0      
       close.obj                  88      0         0      
       hostwrite.obj              88      0         0      
       ltoa.obj                   84      0         0      
       atoi.obj                   80      0         0      
       u_div32.obj                80      0         0      
       cpy_tbl.obj                76      0         0      
       hostclose.obj              68      0         0      
       hostunlink.obj             68      0         0      
       strncpy.obj                54      0         0      
       unlink.obj                 44      0         0      
       lseek.obj                  40      0         0      
       memchr.obj                 32      0         0      
       _lock.obj                  20      0         8      
       memccpy.obj                28      0         0      
       s_copysign.obj             24      0         0      
       strcmp.obj                 24      0         0      
       strchr.obj                 22      0         0      
       strlen.obj                 22      0         0      
       strcpy.obj                 20      0         0      
       copy_decompress_none.obj   14      0         0      
       copy_zero_init.obj         12      0         0      
       errno.obj                  0       0         4      
       i_div0.obj                 2       0         0      
       startup.obj                2       0         0      
    +--+--------------------------+-------+---------+---------+
       Total:                     10782   257       956    
                                                           
       Heap:                      0       0         2048   
       Linker Generated:          0       142       0      
    +--+--------------------------+-------+---------+---------+
       Grand Total:               44058   1919      3044   


LINKER GENERATED COPY TABLES

__TI_cinit_table @ 0000b398 records: 2, size/record: 8, table size: 16
	.data: load addr=0000b318, load size=0000006a bytes, run addr=08001d00, run size=000001f4 bytes, compression=lzss
	.bss: load addr=0000b390, load size=00000008 bytes, run addr=08001ef4, run size=000001f0 bytes, compression=zero_init


LINKER GENERATED HANDLER TABLE

__TI_handler_table @ 0000b384 records: 3, size/record: 4, table size: 12
	index: 0, handler: __TI_zero_init
	index: 1, handler: __TI_decompress_lzss
	index: 2, handler: __TI_decompress_none


GLOBAL SYMBOLS: SORTED ALPHABETICALLY BY Name 

address   name                                
-------   ----                                
0000a919  C$$EXIT                             
0000a59f  C$$IO$$                             
0000aa05  HOSTclose                           
0000a5d9  HOSTlseek                           
0000a70d  HOSTopen                            
0000a769  HOSTread                            
0000a641  HOSTrename                          
0000aa49  HOSTunlink                          
0000a81d  HOSTwrite                           
UNDEFED   SHT$$INIT_ARRAY$$Base               
UNDEFED   SHT$$INIT_ARRAY$$Limit              
08001ef4  __CIOBUF_                           
00000800  __SYSMEM_SIZE                       
0000b398  __TI_CINIT_Base                     
0000b3a8  __TI_CINIT_Limit                    
0000b384  __TI_Handler_Table_Base             
0000b390  __TI_Handler_Table_Limit            
00008b28  __TI_PINIT_Base                     
00008b2c  __TI_PINIT_Limit                    
0000a421  __TI_auto_init                      
0000960f  __TI_cleanup                        
08001ec8  __TI_cleanup_ptr                    
0000a18d  __TI_closefile                      
0000a501  __TI_decompress_lzss                
0000ac01  __TI_decompress_none                
00009eb9  __TI_doflush                        
08001ecc  __TI_dtors_ptr                      
08001ed0  __TI_enable_exit_profile_output     
08001eb8  __TI_ft_end                         
ffffffff  __TI_pprof_out_hndl                 
000034c1  __TI_printfi                        
ffffffff  __TI_prof_data_size                 
ffffffff  __TI_prof_data_start                
0000a0a5  __TI_rd_ok                          
0000a5a3  __TI_readmsg                        
00000000  __TI_static_base__                  
08002014  __TI_tmpnams                        
0000a56d  __TI_writemsg                       
0000a041  __TI_wrt_ok                         
0000ac0f  __TI_zero_init                      
00003d7b  __aeabi_idiv0                       
0000a2bd  __aeabi_memclr                      
0000a2bd  __aeabi_memclr4                     
0000a2bd  __aeabi_memclr8                     
0000a0ef  __aeabi_memcpy                      
0000a0ef  __aeabi_memcpy4                     
0000a0ef  __aeabi_memcpy8                     
0000a2bf  __aeabi_memset                      
0000a2bf  __aeabi_memset4                     
0000a2bf  __aeabi_memset8                     
08001ec4  __aeabi_stderr                      
08001ebc  __aeabi_stdin                       
08001ec0  __aeabi_stdout                      
0000a968  __aeabi_uidiv                       
0000a968  __aeabi_uidivmod                    
00008dfc  __aeabi_uldivmod                    
ffffffff  __binit__                           
ffffffff  __c_args__                          
000090b4  _c_int00                            
00008a40  _coreClearAuxiliaryDataFault_       
00008a54  _coreClearAuxiliaryInstructionFault_
00008a18  _coreClearDataFaultAddress_         
000089f0  _coreClearDataFault_                
00008a2c  _coreClearInstructionFaultAddress_  
00008a04  _coreClearInstructionFault_         
00008984  _coreDisableEventBusExport_         
000089c8  _coreDisableFlashEcc_               
000089a4  _coreDisableRamEcc_                 
00008974  _coreEnableEventBusExport_          
000089b4  _coreEnableFlashEcc_                
000089d8  _coreEnableIrqVicOffset_            
00008994  _coreEnableRamEcc_                  
0000895c  _coreEnableVfp_                     
00008a38  _coreGetAuxiliaryDataFault_         
00008a4c  _coreGetAuxiliaryInstructionFault_  
00008a10  _coreGetDataFaultAddress_           
000089e8  _coreGetDataFault_                  
00008a24  _coreGetInstructionFaultAddress_    
000089fc  _coreGetInstructionFault_           
000087e4  _coreInitRegisters_                 
000088f0  _coreInitStackPointer_              
0000b1c0  _ctypes_                            
00009a4c  _dabort                             
08001df0  _device                             
00008a68  _disable_FIQ_interrupt_             
00008a70  _disable_IRQ_interrupt_             
00008a60  _disable_interrupt_                 
00008a78  _enable_interrupt_                  
00008b08  _errata_CORTEXR4_57_                
00008b18  _errata_CORTEXR4_66_                
00008a80  _esmCcmErrorsClear_                 
08001d00  _ftable                             
0000893c  _getCPSRValue_                      
00008944  _gotoCPUIdle_                       
08001ee0  _lock                               
0000abe7  _nop                                
00009d58  _pmuDisableCountersGlobal_          
00009d48  _pmuEnableCountersGlobal_           
00009db4  _pmuGetCycleCount_                  
00009dbc  _pmuGetEventCount_                  
00009dc8  _pmuGetOverflow_                    
00009cfc  _pmuInit_                           
00009d88  _pmuResetCounters_                  
00009d68  _pmuResetCycleCounter_              
00009d78  _pmuResetEventCounters_             
00009da8  _pmuSetCountEvent_                  
00009d98  _pmuStartCounters_                  
00009da0  _pmuStopCounters_                   
0000abdf  _register_lock                      
0000abd9  _register_unlock                    
08001e68  _stream                             
08001500  _sys_memory                         
0000a18b  _system_post_cinit                  
08001ee4  _unlock                             
0000a91d  abort                               
00005120  adc1GetConfigValue                  
0000126c  adc1ParityCheck                     
00001358  adc2ParityCheck                     
00004cfc  adcCalibration                      
000050c0  adcDisableNotification              
00005070  adcEnableNotification               
00004ad4  adcGetData                          
00005108  adcGetEVTPin                        
000048a4  adcInit                             
00004ccc  adcIsConversionComplete             
00004c9c  adcIsFifoFull                       
00004ed4  adcMidPointCalibration              
000094d0  adcNotification                     
00004aac  adcResetFiFo                        
000050e8  adcSetEVTPin                        
00004a00  adcStartConversion                  
00004a84  adcStopConversion                   
0000a8c9  atoi                                
ffffffff  binit                               
000087b3  calloc                              
00001410  can1ParityCheck                     
000014e8  can2ParityCheck                     
000015b0  can3ParityCheck                     
00006e1c  capGetSignal                        
00000030  ccmSelfCheck                        
000026fc  ccmr4GetConfigValue                 
00000938  checkB0RAMECC                       
00000b28  checkB1RAMECC                       
00001c18  checkClockMonitor                   
00000d18  checkFlashECC                       
00001cf4  checkFlashEEPROMECC                 
00001e8c  checkPLL1Slip                       
00001f8c  checkPLL2Slip                       
00002050  checkRAMAddrParity                  
000019d0  checkRAMECC                         
0000215c  checkRAMUERRTest                    
000007bc  checkefcSelfTest                    
0000a7c5  close                               
0000a9b9  copy_in                             
0000ab7d  copysign                            
0000ab7d  copysignl                           
00000234  cpuSelfTest                         
00000dfc  cpuSelfTestFail                     
00000df4  custom_dabort                       
00002b58  disableParity                       
00009c08  dmaGroupANotification               
00000eac  dmaParityCheck                      
00006ddc  edgeDisableNotification             
00006da0  edgeEnableNotification              
00006d74  edgeGetCounter                      
00009be0  edgeNotification                    
00006d48  edgeResetCounter                    
00000660  efcCheck                            
00002660  efcGetConfigValue                   
00000794  efcSelfTest                         
000006e8  efcStuckZeroTest                    
00002ad0  enableParity                        
0000276c  errata_PBIST_4                      
08001ee8  errno                               
00007b3c  esmActivateNormalOperation          
00007c20  esmClearStatus                      
00007c64  esmClearStatusBuffer                
00007b00  esmDisableError                     
00007b78  esmDisableInterrupt                 
00007ad4  esmEnableError                      
00007b4c  esmEnableInterrupt                  
00007d5c  esmEnterSelfTest                    
00007ab8  esmError                            
00007e34  esmGetConfigValue                   
00007ca0  esmGetStatus                        
00007d24  esmGetStatusBuffer                  
000094f8  esmGroup1Notification               
00009508  esmGroup2Notification               
00009844  esmHighInterrupt                    
000079b0  esmInit                             
00007de4  esmSelfTestStatus                   
00007c80  esmSetCounterPreloadValue           
00007ba4  esmSetInterruptLevel                
00007b2c  esmTriggerErrorPinReset             
0000a925  exit                                
0000a1f3  fclose                              
00009f05  fflush                              
0000a339  finddevice                          
00009c1d  floor                               
00009c1d  floorl                              
000022c4  fmcBus1ParityCheck                  
0000085c  fmcBus2Check                        
00000898  fmcECCcheck                         
00009665  fopen                               
0000a225  fputc                               
0000970d  fputs                               
000084f5  free                                
0000963b  freopen                             
0000a3ad  frexp                               
0000a3ad  frexpl                              
0000a6a9  fseek                               
0000a367  getdevice                           
000081e8  gioDisableNotification              
00008180  gioEnableNotification               
000080e8  gioGetBit                           
00008250  gioGetConfigValue                   
00008110  gioGetPort                          
00007f88  gioInit                             
00009ba0  gioNotification                     
00008078  gioSetBit                           
00008058  gioSetDirection                     
000080c8  gioSetPort                          
00008128  gioToggleBit                        
00006f28  het1GetConfigValue                  
00000f58  het1ParityCheck                     
000010c0  het2ParityCheck                     
00006f10  hetGetTimestamp                     
00006810  hetInit                             
00009bf4  hetNotification                     
00006ef4  hetResetTimestamp                   
00001004  htu1ParityCheck                     
000011bc  htu2ParityCheck                     
00009959  ldexp                               
00009959  ldexpl                              
0000aaf1  lseek                               
0000a875  ltoa                                
00009330  main                                
0000848b  malloc                              
00003eb8  mapClocks                           
000086c1  memalign                            
0000ab61  memccpy                             
0000ab41  memchr                              
0000a0ef  memcpy                              
00000174  memoryInit                          
00009b54  memoryPort0TestFailNotification     
00009b70  memoryPort1TestFailNotification     
0000a2c5  memset                              
00001684  mibspi1ParityCheck                  
0000178c  mibspi3ParityCheck                  
000018b0  mibspi5ParityCheck                  
0000840d  minit                               
00007100  muxInit                             
00009f85  open                                
080020dc  parmbuf                             
000023ec  pbistFail                           
00002470  pbistGetConfigValue                 
000005a8  pbistIsTestCompleted                
000005d4  pbistIsTestPassed                   
00000608  pbistPortTestStatus                 
000004ac  pbistRun                            
000002cc  pbistSelfCheck                      
00000578  pbistStop                           
00003e64  periphInit                          
0000ac1c  phantomInterrupt                    
0000759c  pinmuxGetConfigValue                
0000a499  printf                              
0000a225  putc                                
0000a2ab  putchar                             
0000981d  puts                                
00006d18  pwmDisableNotification              
00006cd0  pwmEnableNotification               
00006bf0  pwmGetSignal                        
00009bc8  pwmNotification                     
00006938  pwmSetDuty                          
00006a74  pwmSetSignal                        
000068d0  pwmStart                            
00006904  pwmStop                             
000085b5  realloc                             
0000aac5  remove                              
00000000  resetEntry                          
00009959  scalbn                              
00009959  scalbnl                             
00006394  sciDisableLoopback                  
00006420  sciDisableNotification              
00006360  sciEnableLoopback                   
000063b8  sciEnableNotification               
00006488  sciEnterResetState                  
000064a8  sciExitResetState                   
000064c8  sciGetConfigValue                   
00005de4  sciInit                             
00006210  sciIsIdleDetected                   
000061f4  sciIsRxReady                        
00006074  sciIsTxReady                        
000094e4  sciNotification                     
00006288  sciReceive                          
0000625c  sciReceiveByte                      
0000622c  sciRxError                          
000060c0  sciSend                             
00006090  sciSendByte                         
00005fd8  sciSetBaudrate                      
00005fb8  sciSetFunctional                    
00006620  scilinGetConfigValue                
00000020  selftestFailNotification            
00003e24  setupFlash                          
00003d7c  setupPLL                            
00009ddd  setvbuf                             
0000469c  sramGetConfigValue                  
000025bc  stcGetConfigValue                   
000001b8  stcSelfCheck                        
00000df8  stcSelfCheckFail                    
0000abad  strchr                              
0000ab95  strcmp                              
0000abed  strcpy                              
0000abc3  strlen                              
0000aa8d  strncpy                             
000040dc  systemGetConfigValue                
00003fe0  systemInit                          
000040ac  systemPowerDown                     
000044f0  tcmflashGetConfigValue              
00003ddc  trimLPO                             
0000aac5  unlink                              
00005464  vimChannelMap                       
000056d0  vimDisableInterrupt                 
00005508  vimEnableInterrupt                  
0000577c  vimGetConfigValue                   
00005390  vimInit                             
00000e00  vimParityCheck                      
00008b30  vimParityErrorHandler               
0000ab19  write                               


GLOBAL SYMBOLS: SORTED BY Symbol Address 

address   name                                
-------   ----                                
00000000  __TI_static_base__                  
00000000  resetEntry                          
00000020  selftestFailNotification            
00000030  ccmSelfCheck                        
00000174  memoryInit                          
000001b8  stcSelfCheck                        
00000234  cpuSelfTest                         
000002cc  pbistSelfCheck                      
000004ac  pbistRun                            
00000578  pbistStop                           
000005a8  pbistIsTestCompleted                
000005d4  pbistIsTestPassed                   
00000608  pbistPortTestStatus                 
00000660  efcCheck                            
000006e8  efcStuckZeroTest                    
00000794  efcSelfTest                         
000007bc  checkefcSelfTest                    
00000800  __SYSMEM_SIZE                       
0000085c  fmcBus2Check                        
00000898  fmcECCcheck                         
00000938  checkB0RAMECC                       
00000b28  checkB1RAMECC                       
00000d18  checkFlashECC                       
00000df4  custom_dabort                       
00000df8  stcSelfCheckFail                    
00000dfc  cpuSelfTestFail                     
00000e00  vimParityCheck                      
00000eac  dmaParityCheck                      
00000f58  het1ParityCheck                     
00001004  htu1ParityCheck                     
000010c0  het2ParityCheck                     
000011bc  htu2ParityCheck                     
0000126c  adc1ParityCheck                     
00001358  adc2ParityCheck                     
00001410  can1ParityCheck                     
000014e8  can2ParityCheck                     
000015b0  can3ParityCheck                     
00001684  mibspi1ParityCheck                  
0000178c  mibspi3ParityCheck                  
000018b0  mibspi5ParityCheck                  
000019d0  checkRAMECC                         
00001c18  checkClockMonitor                   
00001cf4  checkFlashEEPROMECC                 
00001e8c  checkPLL1Slip                       
00001f8c  checkPLL2Slip                       
00002050  checkRAMAddrParity                  
0000215c  checkRAMUERRTest                    
000022c4  fmcBus1ParityCheck                  
000023ec  pbistFail                           
00002470  pbistGetConfigValue                 
000025bc  stcGetConfigValue                   
00002660  efcGetConfigValue                   
000026fc  ccmr4GetConfigValue                 
0000276c  errata_PBIST_4                      
00002ad0  enableParity                        
00002b58  disableParity                       
000034c1  __TI_printfi                        
00003d7b  __aeabi_idiv0                       
00003d7c  setupPLL                            
00003ddc  trimLPO                             
00003e24  setupFlash                          
00003e64  periphInit                          
00003eb8  mapClocks                           
00003fe0  systemInit                          
000040ac  systemPowerDown                     
000040dc  systemGetConfigValue                
000044f0  tcmflashGetConfigValue              
0000469c  sramGetConfigValue                  
000048a4  adcInit                             
00004a00  adcStartConversion                  
00004a84  adcStopConversion                   
00004aac  adcResetFiFo                        
00004ad4  adcGetData                          
00004c9c  adcIsFifoFull                       
00004ccc  adcIsConversionComplete             
00004cfc  adcCalibration                      
00004ed4  adcMidPointCalibration              
00005070  adcEnableNotification               
000050c0  adcDisableNotification              
000050e8  adcSetEVTPin                        
00005108  adcGetEVTPin                        
00005120  adc1GetConfigValue                  
00005390  vimInit                             
00005464  vimChannelMap                       
00005508  vimEnableInterrupt                  
000056d0  vimDisableInterrupt                 
0000577c  vimGetConfigValue                   
00005de4  sciInit                             
00005fb8  sciSetFunctional                    
00005fd8  sciSetBaudrate                      
00006074  sciIsTxReady                        
00006090  sciSendByte                         
000060c0  sciSend                             
000061f4  sciIsRxReady                        
00006210  sciIsIdleDetected                   
0000622c  sciRxError                          
0000625c  sciReceiveByte                      
00006288  sciReceive                          
00006360  sciEnableLoopback                   
00006394  sciDisableLoopback                  
000063b8  sciEnableNotification               
00006420  sciDisableNotification              
00006488  sciEnterResetState                  
000064a8  sciExitResetState                   
000064c8  sciGetConfigValue                   
00006620  scilinGetConfigValue                
00006810  hetInit                             
000068d0  pwmStart                            
00006904  pwmStop                             
00006938  pwmSetDuty                          
00006a74  pwmSetSignal                        
00006bf0  pwmGetSignal                        
00006cd0  pwmEnableNotification               
00006d18  pwmDisableNotification              
00006d48  edgeResetCounter                    
00006d74  edgeGetCounter                      
00006da0  edgeEnableNotification              
00006ddc  edgeDisableNotification             
00006e1c  capGetSignal                        
00006ef4  hetResetTimestamp                   
00006f10  hetGetTimestamp                     
00006f28  het1GetConfigValue                  
00007100  muxInit                             
0000759c  pinmuxGetConfigValue                
000079b0  esmInit                             
00007ab8  esmError                            
00007ad4  esmEnableError                      
00007b00  esmDisableError                     
00007b2c  esmTriggerErrorPinReset             
00007b3c  esmActivateNormalOperation          
00007b4c  esmEnableInterrupt                  
00007b78  esmDisableInterrupt                 
00007ba4  esmSetInterruptLevel                
00007c20  esmClearStatus                      
00007c64  esmClearStatusBuffer                
00007c80  esmSetCounterPreloadValue           
00007ca0  esmGetStatus                        
00007d24  esmGetStatusBuffer                  
00007d5c  esmEnterSelfTest                    
00007de4  esmSelfTestStatus                   
00007e34  esmGetConfigValue                   
00007f88  gioInit                             
00008058  gioSetDirection                     
00008078  gioSetBit                           
000080c8  gioSetPort                          
000080e8  gioGetBit                           
00008110  gioGetPort                          
00008128  gioToggleBit                        
00008180  gioEnableNotification               
000081e8  gioDisableNotification              
00008250  gioGetConfigValue                   
0000840d  minit                               
0000848b  malloc                              
000084f5  free                                
000085b5  realloc                             
000086c1  memalign                            
000087b3  calloc                              
000087e4  _coreInitRegisters_                 
000088f0  _coreInitStackPointer_              
0000893c  _getCPSRValue_                      
00008944  _gotoCPUIdle_                       
0000895c  _coreEnableVfp_                     
00008974  _coreEnableEventBusExport_          
00008984  _coreDisableEventBusExport_         
00008994  _coreEnableRamEcc_                  
000089a4  _coreDisableRamEcc_                 
000089b4  _coreEnableFlashEcc_                
000089c8  _coreDisableFlashEcc_               
000089d8  _coreEnableIrqVicOffset_            
000089e8  _coreGetDataFault_                  
000089f0  _coreClearDataFault_                
000089fc  _coreGetInstructionFault_           
00008a04  _coreClearInstructionFault_         
00008a10  _coreGetDataFaultAddress_           
00008a18  _coreClearDataFaultAddress_         
00008a24  _coreGetInstructionFaultAddress_    
00008a2c  _coreClearInstructionFaultAddress_  
00008a38  _coreGetAuxiliaryDataFault_         
00008a40  _coreClearAuxiliaryDataFault_       
00008a4c  _coreGetAuxiliaryInstructionFault_  
00008a54  _coreClearAuxiliaryInstructionFault_
00008a60  _disable_interrupt_                 
00008a68  _disable_FIQ_interrupt_             
00008a70  _disable_IRQ_interrupt_             
00008a78  _enable_interrupt_                  
00008a80  _esmCcmErrorsClear_                 
00008b08  _errata_CORTEXR4_57_                
00008b18  _errata_CORTEXR4_66_                
00008b28  __TI_PINIT_Base                     
00008b2c  __TI_PINIT_Limit                    
00008b30  vimParityErrorHandler               
00008dfc  __aeabi_uldivmod                    
000090b4  _c_int00                            
00009330  main                                
000094d0  adcNotification                     
000094e4  sciNotification                     
000094f8  esmGroup1Notification               
00009508  esmGroup2Notification               
0000960f  __TI_cleanup                        
0000963b  freopen                             
00009665  fopen                               
0000970d  fputs                               
0000981d  puts                                
00009844  esmHighInterrupt                    
00009959  ldexp                               
00009959  ldexpl                              
00009959  scalbn                              
00009959  scalbnl                             
00009a4c  _dabort                             
00009b54  memoryPort0TestFailNotification     
00009b70  memoryPort1TestFailNotification     
00009ba0  gioNotification                     
00009bc8  pwmNotification                     
00009be0  edgeNotification                    
00009bf4  hetNotification                     
00009c08  dmaGroupANotification               
00009c1d  floor                               
00009c1d  floorl                              
00009cfc  _pmuInit_                           
00009d48  _pmuEnableCountersGlobal_           
00009d58  _pmuDisableCountersGlobal_          
00009d68  _pmuResetCycleCounter_              
00009d78  _pmuResetEventCounters_             
00009d88  _pmuResetCounters_                  
00009d98  _pmuStartCounters_                  
00009da0  _pmuStopCounters_                   
00009da8  _pmuSetCountEvent_                  
00009db4  _pmuGetCycleCount_                  
00009dbc  _pmuGetEventCount_                  
00009dc8  _pmuGetOverflow_                    
00009ddd  setvbuf                             
00009eb9  __TI_doflush                        
00009f05  fflush                              
00009f85  open                                
0000a041  __TI_wrt_ok                         
0000a0a5  __TI_rd_ok                          
0000a0ef  __aeabi_memcpy                      
0000a0ef  __aeabi_memcpy4                     
0000a0ef  __aeabi_memcpy8                     
0000a0ef  memcpy                              
0000a18b  _system_post_cinit                  
0000a18d  __TI_closefile                      
0000a1f3  fclose                              
0000a225  fputc                               
0000a225  putc                                
0000a2ab  putchar                             
0000a2bd  __aeabi_memclr                      
0000a2bd  __aeabi_memclr4                     
0000a2bd  __aeabi_memclr8                     
0000a2bf  __aeabi_memset                      
0000a2bf  __aeabi_memset4                     
0000a2bf  __aeabi_memset8                     
0000a2c5  memset                              
0000a339  finddevice                          
0000a367  getdevice                           
0000a3ad  frexp                               
0000a3ad  frexpl                              
0000a421  __TI_auto_init                      
0000a499  printf                              
0000a501  __TI_decompress_lzss                
0000a56d  __TI_writemsg                       
0000a59f  C$$IO$$                             
0000a5a3  __TI_readmsg                        
0000a5d9  HOSTlseek                           
0000a641  HOSTrename                          
0000a6a9  fseek                               
0000a70d  HOSTopen                            
0000a769  HOSTread                            
0000a7c5  close                               
0000a81d  HOSTwrite                           
0000a875  ltoa                                
0000a8c9  atoi                                
0000a919  C$$EXIT                             
0000a91d  abort                               
0000a925  exit                                
0000a968  __aeabi_uidiv                       
0000a968  __aeabi_uidivmod                    
0000a9b9  copy_in                             
0000aa05  HOSTclose                           
0000aa49  HOSTunlink                          
0000aa8d  strncpy                             
0000aac5  remove                              
0000aac5  unlink                              
0000aaf1  lseek                               
0000ab19  write                               
0000ab41  memchr                              
0000ab61  memccpy                             
0000ab7d  copysign                            
0000ab7d  copysignl                           
0000ab95  strcmp                              
0000abad  strchr                              
0000abc3  strlen                              
0000abd9  _register_unlock                    
0000abdf  _register_lock                      
0000abe7  _nop                                
0000abed  strcpy                              
0000ac01  __TI_decompress_none                
0000ac0f  __TI_zero_init                      
0000ac1c  phantomInterrupt                    
0000b1c0  _ctypes_                            
0000b384  __TI_Handler_Table_Base             
0000b390  __TI_Handler_Table_Limit            
0000b398  __TI_CINIT_Base                     
0000b3a8  __TI_CINIT_Limit                    
08001500  _sys_memory                         
08001d00  _ftable                             
08001df0  _device                             
08001e68  _stream                             
08001eb8  __TI_ft_end                         
08001ebc  __aeabi_stdin                       
08001ec0  __aeabi_stdout                      
08001ec4  __aeabi_stderr                      
08001ec8  __TI_cleanup_ptr                    
08001ecc  __TI_dtors_ptr                      
08001ed0  __TI_enable_exit_profile_output     
08001ee0  _lock                               
08001ee4  _unlock                             
08001ee8  errno                               
08001ef4  __CIOBUF_                           
08002014  __TI_tmpnams                        
080020dc  parmbuf                             
ffffffff  __TI_pprof_out_hndl                 
ffffffff  __TI_prof_data_size                 
ffffffff  __TI_prof_data_start                
ffffffff  __binit__                           
ffffffff  __c_args__                          
ffffffff  binit                               
UNDEFED   SHT$$INIT_ARRAY$$Base               
UNDEFED   SHT$$INIT_ARRAY$$Limit              

[329 symbols]
