******************************************************************************
                  TI ARM Linker Unix v16.9.6                   
******************************************************************************
>> Linked Sat Mar  2 00:40:34 2019

OUTPUT FILE NAME:   <Test2.out>
ENTRY POINT SYMBOL: "_c_int00"  address: 000079a4


MEMORY CONFIGURATION

         name            origin    length      used     unused   attr    fill
----------------------  --------  ---------  --------  --------  ----  --------
  VECTORS               00000000   00000020  00000020  00000000     X
  FLASH0                00000020   0013ffe0  00008b6c  00137474  R  X
  STACKS                08000000   00001500  00000000  00001500  RW  
  RAM                   08001500   0002eb00  00000044  0002eabc  RW  


SEGMENT ALLOCATION MAP

run origin  load origin   length   init length attrs members
----------  ----------- ---------- ----------- ----- -------
00000000    00000000    00008b90   00008b90    r-x
  00000000    00000000    00000020   00000020    r-x .intvecs
  00000020    00000020    00008544   00008544    r-x .text
  00008564    00008564    000005f0   000005f0    r-- .const
  00008b58    00008b58    00000038   00000038    r-- .cinit
08001500    08001500    00000044   00000000    rw-
  08001500    08001500    00000030   00000000    rw- .bss
  08001530    08001530    00000014   00000000    rw- .data


SECTION ALLOCATION MAP

 output                                  attributes/
section   page    origin      length       input sections
--------  ----  ----------  ----------   ----------------
.intvecs   0    00000000    00000020     
                  00000000    00000020     sys_intvecs.obj (.intvecs)

.text      0    00000020    00008544     
                  00000020    00002cdc     sys_selftest.obj (.text)
                  00002cfc    00000b28     system.obj (.text)
                  00003824    00000aec     adc.obj (.text)
                  00004310    00000a54     sys_vim.obj (.text)
                  00004d64    00000a2c     sci.obj (.text)
                  00005790    000008f0     het.obj (.text)
                  00006080    000008b0     pinmux.obj (.text)
                  00006930    000005d8     esm.obj (.text)
                  00006f08    00000484     gio.obj (.text)
                  0000738c    0000034c     sys_core.obj (.text)
                  000076d8    000002cc     sys_vim.obj (.text:retain)
                  000079a4    0000027c     sys_startup.obj (.text:retain)
                  00007c20    00000138     sys_main.obj (.text)
                  00007d58    00000114     esm.obj (.text:retain)
                  00007e6c    000000e8     dabort.obj (.text)
                  00007f54    000000e8     notification.obj (.text)
                  0000803c    000000e0     rtsv7R4_T_be_v3D16_eabi.lib : s_floor.obj (.text)
                  0000811c    000000e0     sys_pmu.obj (.text)
                  000081fc    0000009c     rtsv7R4_T_be_v3D16_eabi.lib : memcpy_t2.obj (.text)
                  00008298    0000007a                                 : memset_t2.obj (.text)
                  00008312    00000002                                 : i_div0.obj (.text)
                  00008314    00000070                                 : autoinit.obj (.text)
                  00008384    0000006c                                 : copy_decompress_lzss.obj (.text:decompress:lzss)
                  000083f0    00000054                                 : ltoa.obj (.text)
                  00008444    00000050                                 : exit.obj (.text)
                  00008494    00000050                                 : u_div32.obj (.text)
                  000084e4    0000004c                                 : cpy_tbl.obj (.text)
                  00008530    00000014                                 : _lock.obj (.text)
                  00008544    0000000e                                 : copy_decompress_none.obj (.text:decompress:none)
                  00008552    0000000c                                 : copy_zero_init.obj (.text:decompress:ZI)
                  0000855e    00000002                                 : startup.obj (.text)
                  00008560    00000004     sys_phantom.obj (.text:retain)

.const     0    00008564    000005f0     
                  00008564    000003a0     het.obj (.const:het1PROGRAM)
                  00008904    00000200     sys_vim.obj (.const:s_vim_init)
                  00008b04    00000020     het.obj (.const:s_het1pwmPolarity)
                  00008b24    00000018     adc.obj (.const:s_adcFiFoSize)
                  00008b3c    00000018     adc.obj (.const:s_adcSelect)

.cinit     0    00008b58    00000038     
                  00008b58    0000000f     (.cinit..data.load) [load image, compression = lzss]
                  00008b67    00000001     --HOLE-- [fill = 0]
                  00008b68    0000000c     (__TI_handler_table)
                  00008b74    00000004     --HOLE-- [fill = 0]
                  00008b78    00000008     (.cinit..bss.load) [load image, compression = zero_init]
                  00008b80    00000010     (__TI_cinit_table)

.bss       0    08001500    00000030     UNINITIALIZED
                  08001500    00000028     sci.obj (.bss:g_sciTransfer_t)
                  08001528    00000008     (.common:command)

.data      0    08001530    00000014     UNINITIALIZED
                  08001530    0000000c     rtsv7R4_T_be_v3D16_eabi.lib : exit.obj (.data:$O1$$)
                  0800153c    00000008                                 : _lock.obj (.data:$O1$$)

MODULE SUMMARY

       Module                     code    ro data   rw data
       ------                     ----    -------   -------
    ./source/
       sys_selftest.obj           11484   0         0      
       sys_vim.obj                3360    512       0      
       het.obj                    2288    960       0      
       system.obj                 2856    0         0      
       adc.obj                    2796    48        0      
       sci.obj                    2604    0         40     
       pinmux.obj                 2224    0         0      
       esm.obj                    1772    0         0      
       gio.obj                    1156    0         0      
       sys_core.obj               844     0         0      
       sys_startup.obj            636     0         0      
       sys_main.obj               312     0         8      
       dabort.obj                 232     0         0      
       notification.obj           232     0         0      
       sys_pmu.obj                224     0         0      
       sys_intvecs.obj            32      0         0      
       sys_phantom.obj            4       0         0      
    +--+--------------------------+-------+---------+---------+
       Total:                     33056   1520      48     
                                                           
    /home/tiger/ADCS/workspace/ccsv7/tools/compiler/ti-cgt-arm_16.9.6.LTS/lib/rtsv7R4_T_be_v3D16_eabi.lib
       s_floor.obj                224     0         0      
       memcpy_t2.obj              156     0         0      
       memset_t2.obj              122     0         0      
       autoinit.obj               112     0         0      
       copy_decompress_lzss.obj   108     0         0      
       exit.obj                   80      0         12     
       ltoa.obj                   84      0         0      
       u_div32.obj                80      0         0      
       cpy_tbl.obj                76      0         0      
       _lock.obj                  20      0         8      
       copy_decompress_none.obj   14      0         0      
       copy_zero_init.obj         12      0         0      
       i_div0.obj                 2       0         0      
       startup.obj                2       0         0      
    +--+--------------------------+-------+---------+---------+
       Total:                     1092    0         20     
                                                           
       Linker Generated:          0       51        0      
    +--+--------------------------+-------+---------+---------+
       Grand Total:               34148   1571      68     


LINKER GENERATED COPY TABLES

__TI_cinit_table @ 00008b80 records: 2, size/record: 8, table size: 16
	.data: load addr=00008b58, load size=0000000f bytes, run addr=08001530, run size=00000014 bytes, compression=lzss
	.bss: load addr=00008b78, load size=00000008 bytes, run addr=08001500, run size=00000030 bytes, compression=zero_init


LINKER GENERATED HANDLER TABLE

__TI_handler_table @ 00008b68 records: 3, size/record: 4, table size: 12
	index: 0, handler: __TI_zero_init
	index: 1, handler: __TI_decompress_lzss
	index: 2, handler: __TI_decompress_none


GLOBAL SYMBOLS: SORTED ALPHABETICALLY BY Name 

address   name                                
-------   ----                                
00008445  C$$EXIT                             
UNDEFED   SHT$$INIT_ARRAY$$Base               
UNDEFED   SHT$$INIT_ARRAY$$Limit              
00008b80  __TI_CINIT_Base                     
00008b90  __TI_CINIT_Limit                    
00008b68  __TI_Handler_Table_Base             
00008b74  __TI_Handler_Table_Limit            
000076d0  __TI_PINIT_Base                     
000076d4  __TI_PINIT_Limit                    
00008315  __TI_auto_init                      
08001530  __TI_cleanup_ptr                    
00008385  __TI_decompress_lzss                
00008545  __TI_decompress_none                
08001534  __TI_dtors_ptr                      
08001538  __TI_enable_exit_profile_output     
ffffffff  __TI_pprof_out_hndl                 
ffffffff  __TI_prof_data_size                 
ffffffff  __TI_prof_data_start                
00000000  __TI_static_base__                  
00008553  __TI_zero_init                      
00008313  __aeabi_idiv0                       
00008299  __aeabi_memclr                      
00008299  __aeabi_memclr4                     
00008299  __aeabi_memclr8                     
000081fd  __aeabi_memcpy                      
000081fd  __aeabi_memcpy4                     
000081fd  __aeabi_memcpy8                     
0000829b  __aeabi_memset                      
0000829b  __aeabi_memset4                     
0000829b  __aeabi_memset8                     
00008494  __aeabi_uidiv                       
00008494  __aeabi_uidivmod                    
ffffffff  __binit__                           
ffffffff  __c_args__                          
000079a4  _c_int00                            
000075e8  _coreClearAuxiliaryDataFault_       
000075fc  _coreClearAuxiliaryInstructionFault_
000075c0  _coreClearDataFaultAddress_         
00007598  _coreClearDataFault_                
000075d4  _coreClearInstructionFaultAddress_  
000075ac  _coreClearInstructionFault_         
0000752c  _coreDisableEventBusExport_         
00007570  _coreDisableFlashEcc_               
0000754c  _coreDisableRamEcc_                 
0000751c  _coreEnableEventBusExport_          
0000755c  _coreEnableFlashEcc_                
00007580  _coreEnableIrqVicOffset_            
0000753c  _coreEnableRamEcc_                  
00007504  _coreEnableVfp_                     
000075e0  _coreGetAuxiliaryDataFault_         
000075f4  _coreGetAuxiliaryInstructionFault_  
000075b8  _coreGetDataFaultAddress_           
00007590  _coreGetDataFault_                  
000075cc  _coreGetInstructionFaultAddress_    
000075a4  _coreGetInstructionFault_           
0000738c  _coreInitRegisters_                 
00007498  _coreInitStackPointer_              
00007e6c  _dabort                             
00007610  _disable_FIQ_interrupt_             
00007618  _disable_IRQ_interrupt_             
00007608  _disable_interrupt_                 
00007620  _enable_interrupt_                  
000076b0  _errata_CORTEXR4_57_                
000076c0  _errata_CORTEXR4_66_                
00007628  _esmCcmErrorsClear_                 
000074e4  _getCPSRValue_                      
000074ec  _gotoCPUIdle_                       
0800153c  _lock                               
0000853f  _nop                                
00008178  _pmuDisableCountersGlobal_          
00008168  _pmuEnableCountersGlobal_           
000081d4  _pmuGetCycleCount_                  
000081dc  _pmuGetEventCount_                  
000081e8  _pmuGetOverflow_                    
0000811c  _pmuInit_                           
000081a8  _pmuResetCounters_                  
00008188  _pmuResetCycleCounter_              
00008198  _pmuResetEventCounters_             
000081c8  _pmuSetCountEvent_                  
000081b8  _pmuStartCounters_                  
000081c0  _pmuStopCounters_                   
00008537  _register_lock                      
00008531  _register_unlock                    
0000855f  _system_post_cinit                  
08001540  _unlock                             
00008449  abort                               
000040a0  adc1GetConfigValue                  
0000126c  adc1ParityCheck                     
00001358  adc2ParityCheck                     
00003c7c  adcCalibration                      
00004040  adcDisableNotification              
00003ff0  adcEnableNotification               
00003a54  adcGetData                          
00004088  adcGetEVTPin                        
00003824  adcInit                             
00003c4c  adcIsConversionComplete             
00003c1c  adcIsFifoFull                       
00003e54  adcMidPointCalibration              
00007cf8  adcNotification                     
00003a2c  adcResetFiFo                        
00004068  adcSetEVTPin                        
00003980  adcStartConversion                  
00003a04  adcStopConversion                   
ffffffff  binit                               
00001410  can1ParityCheck                     
000014e8  can2ParityCheck                     
000015b0  can3ParityCheck                     
00005d9c  capGetSignal                        
00000030  ccmSelfCheck                        
000026fc  ccmr4GetConfigValue                 
00000938  checkB0RAMECC                       
00000b28  checkB1RAMECC                       
00001c18  checkClockMonitor                   
00000d18  checkFlashECC                       
00001cf4  checkFlashEEPROMECC                 
00001e8c  checkPLL1Slip                       
00001f8c  checkPLL2Slip                       
00002050  checkRAMAddrParity                  
000019d0  checkRAMECC                         
0000215c  checkRAMUERRTest                    
000007bc  checkefcSelfTest                    
08001528  command                             
000084e5  copy_in                             
00000234  cpuSelfTest                         
00000dfc  cpuSelfTestFail                     
00000df4  custom_dabort                       
00002b58  disableParity                       
00008028  dmaGroupANotification               
00000eac  dmaParityCheck                      
00005d5c  edgeDisableNotification             
00005d20  edgeEnableNotification              
00005cf4  edgeGetCounter                      
00008000  edgeNotification                    
00005cc8  edgeResetCounter                    
00000660  efcCheck                            
00002660  efcGetConfigValue                   
00000794  efcSelfTest                         
000006e8  efcStuckZeroTest                    
00002ad0  enableParity                        
0000276c  errata_PBIST_4                      
00006abc  esmActivateNormalOperation          
00006ba0  esmClearStatus                      
00006be4  esmClearStatusBuffer                
00006a80  esmDisableError                     
00006af8  esmDisableInterrupt                 
00006a54  esmEnableError                      
00006acc  esmEnableInterrupt                  
00006cdc  esmEnterSelfTest                    
00006a38  esmError                            
00006db4  esmGetConfigValue                   
00006c20  esmGetStatus                        
00006ca4  esmGetStatusBuffer                  
00007d20  esmGroup1Notification               
00007d30  esmGroup2Notification               
00007d58  esmHighInterrupt                    
00006930  esmInit                             
00006d64  esmSelfTestStatus                   
00006c00  esmSetCounterPreloadValue           
00006b24  esmSetInterruptLevel                
00006aac  esmTriggerErrorPinReset             
00008451  exit                                
0000803d  floor                               
0000803d  floorl                              
000022c4  fmcBus1ParityCheck                  
0000085c  fmcBus2Check                        
00000898  fmcECCcheck                         
00007168  gioDisableNotification              
00007100  gioEnableNotification               
00007068  gioGetBit                           
000071d0  gioGetConfigValue                   
00007090  gioGetPort                          
00006f08  gioInit                             
00007fc0  gioNotification                     
00006ff8  gioSetBit                           
00006fd8  gioSetDirection                     
00007048  gioSetPort                          
000070a8  gioToggleBit                        
00005ea8  het1GetConfigValue                  
00000f58  het1ParityCheck                     
000010c0  het2ParityCheck                     
00005e90  hetGetTimestamp                     
00005790  hetInit                             
00008014  hetNotification                     
00005e74  hetResetTimestamp                   
00001004  htu1ParityCheck                     
000011bc  htu2ParityCheck                     
000083f1  ltoa                                
00007c20  main                                
00002e38  mapClocks                           
000081fd  memcpy                              
00000174  memoryInit                          
00007f74  memoryPort0TestFailNotification     
00007f90  memoryPort1TestFailNotification     
000082a1  memset                              
00001684  mibspi1ParityCheck                  
0000178c  mibspi3ParityCheck                  
000018b0  mibspi5ParityCheck                  
00006080  muxInit                             
000023ec  pbistFail                           
00002470  pbistGetConfigValue                 
000005a8  pbistIsTestCompleted                
000005d4  pbistIsTestPassed                   
00000608  pbistPortTestStatus                 
000004ac  pbistRun                            
000002cc  pbistSelfCheck                      
00000578  pbistStop                           
00002de4  periphInit                          
00008560  phantomInterrupt                    
0000651c  pinmuxGetConfigValue                
00005c98  pwmDisableNotification              
00005c50  pwmEnableNotification               
00005b70  pwmGetSignal                        
00007fe8  pwmNotification                     
000058b8  pwmSetDuty                          
000059f4  pwmSetSignal                        
00005850  pwmStart                            
00005884  pwmStop                             
00000000  resetEntry                          
00005314  sciDisableLoopback                  
000053a0  sciDisableNotification              
000052e0  sciEnableLoopback                   
00005338  sciEnableNotification               
00005408  sciEnterResetState                  
00005428  sciExitResetState                   
00005448  sciGetConfigValue                   
00004d64  sciInit                             
00005190  sciIsIdleDetected                   
00005174  sciIsRxReady                        
00004ff4  sciIsTxReady                        
00007d0c  sciNotification                     
00005208  sciReceive                          
000051dc  sciReceiveByte                      
000051ac  sciRxError                          
00005040  sciSend                             
00005010  sciSendByte                         
00004f58  sciSetBaudrate                      
00004f38  sciSetFunctional                    
000055a0  scilinGetConfigValue                
00000020  selftestFailNotification            
00002da4  setupFlash                          
00002cfc  setupPLL                            
0000361c  sramGetConfigValue                  
000025bc  stcGetConfigValue                   
000001b8  stcSelfCheck                        
00000df8  stcSelfCheckFail                    
0000305c  systemGetConfigValue                
00002f60  systemInit                          
0000302c  systemPowerDown                     
00003470  tcmflashGetConfigValue              
00002d5c  trimLPO                             
000043e4  vimChannelMap                       
00004650  vimDisableInterrupt                 
00004488  vimEnableInterrupt                  
000046fc  vimGetConfigValue                   
00004310  vimInit                             
00000e00  vimParityCheck                      
000076d8  vimParityErrorHandler               


GLOBAL SYMBOLS: SORTED BY Symbol Address 

address   name                                
-------   ----                                
00000000  __TI_static_base__                  
00000000  resetEntry                          
00000020  selftestFailNotification            
00000030  ccmSelfCheck                        
00000174  memoryInit                          
000001b8  stcSelfCheck                        
00000234  cpuSelfTest                         
000002cc  pbistSelfCheck                      
000004ac  pbistRun                            
00000578  pbistStop                           
000005a8  pbistIsTestCompleted                
000005d4  pbistIsTestPassed                   
00000608  pbistPortTestStatus                 
00000660  efcCheck                            
000006e8  efcStuckZeroTest                    
00000794  efcSelfTest                         
000007bc  checkefcSelfTest                    
0000085c  fmcBus2Check                        
00000898  fmcECCcheck                         
00000938  checkB0RAMECC                       
00000b28  checkB1RAMECC                       
00000d18  checkFlashECC                       
00000df4  custom_dabort                       
00000df8  stcSelfCheckFail                    
00000dfc  cpuSelfTestFail                     
00000e00  vimParityCheck                      
00000eac  dmaParityCheck                      
00000f58  het1ParityCheck                     
00001004  htu1ParityCheck                     
000010c0  het2ParityCheck                     
000011bc  htu2ParityCheck                     
0000126c  adc1ParityCheck                     
00001358  adc2ParityCheck                     
00001410  can1ParityCheck                     
000014e8  can2ParityCheck                     
000015b0  can3ParityCheck                     
00001684  mibspi1ParityCheck                  
0000178c  mibspi3ParityCheck                  
000018b0  mibspi5ParityCheck                  
000019d0  checkRAMECC                         
00001c18  checkClockMonitor                   
00001cf4  checkFlashEEPROMECC                 
00001e8c  checkPLL1Slip                       
00001f8c  checkPLL2Slip                       
00002050  checkRAMAddrParity                  
0000215c  checkRAMUERRTest                    
000022c4  fmcBus1ParityCheck                  
000023ec  pbistFail                           
00002470  pbistGetConfigValue                 
000025bc  stcGetConfigValue                   
00002660  efcGetConfigValue                   
000026fc  ccmr4GetConfigValue                 
0000276c  errata_PBIST_4                      
00002ad0  enableParity                        
00002b58  disableParity                       
00002cfc  setupPLL                            
00002d5c  trimLPO                             
00002da4  setupFlash                          
00002de4  periphInit                          
00002e38  mapClocks                           
00002f60  systemInit                          
0000302c  systemPowerDown                     
0000305c  systemGetConfigValue                
00003470  tcmflashGetConfigValue              
0000361c  sramGetConfigValue                  
00003824  adcInit                             
00003980  adcStartConversion                  
00003a04  adcStopConversion                   
00003a2c  adcResetFiFo                        
00003a54  adcGetData                          
00003c1c  adcIsFifoFull                       
00003c4c  adcIsConversionComplete             
00003c7c  adcCalibration                      
00003e54  adcMidPointCalibration              
00003ff0  adcEnableNotification               
00004040  adcDisableNotification              
00004068  adcSetEVTPin                        
00004088  adcGetEVTPin                        
000040a0  adc1GetConfigValue                  
00004310  vimInit                             
000043e4  vimChannelMap                       
00004488  vimEnableInterrupt                  
00004650  vimDisableInterrupt                 
000046fc  vimGetConfigValue                   
00004d64  sciInit                             
00004f38  sciSetFunctional                    
00004f58  sciSetBaudrate                      
00004ff4  sciIsTxReady                        
00005010  sciSendByte                         
00005040  sciSend                             
00005174  sciIsRxReady                        
00005190  sciIsIdleDetected                   
000051ac  sciRxError                          
000051dc  sciReceiveByte                      
00005208  sciReceive                          
000052e0  sciEnableLoopback                   
00005314  sciDisableLoopback                  
00005338  sciEnableNotification               
000053a0  sciDisableNotification              
00005408  sciEnterResetState                  
00005428  sciExitResetState                   
00005448  sciGetConfigValue                   
000055a0  scilinGetConfigValue                
00005790  hetInit                             
00005850  pwmStart                            
00005884  pwmStop                             
000058b8  pwmSetDuty                          
000059f4  pwmSetSignal                        
00005b70  pwmGetSignal                        
00005c50  pwmEnableNotification               
00005c98  pwmDisableNotification              
00005cc8  edgeResetCounter                    
00005cf4  edgeGetCounter                      
00005d20  edgeEnableNotification              
00005d5c  edgeDisableNotification             
00005d9c  capGetSignal                        
00005e74  hetResetTimestamp                   
00005e90  hetGetTimestamp                     
00005ea8  het1GetConfigValue                  
00006080  muxInit                             
0000651c  pinmuxGetConfigValue                
00006930  esmInit                             
00006a38  esmError                            
00006a54  esmEnableError                      
00006a80  esmDisableError                     
00006aac  esmTriggerErrorPinReset             
00006abc  esmActivateNormalOperation          
00006acc  esmEnableInterrupt                  
00006af8  esmDisableInterrupt                 
00006b24  esmSetInterruptLevel                
00006ba0  esmClearStatus                      
00006be4  esmClearStatusBuffer                
00006c00  esmSetCounterPreloadValue           
00006c20  esmGetStatus                        
00006ca4  esmGetStatusBuffer                  
00006cdc  esmEnterSelfTest                    
00006d64  esmSelfTestStatus                   
00006db4  esmGetConfigValue                   
00006f08  gioInit                             
00006fd8  gioSetDirection                     
00006ff8  gioSetBit                           
00007048  gioSetPort                          
00007068  gioGetBit                           
00007090  gioGetPort                          
000070a8  gioToggleBit                        
00007100  gioEnableNotification               
00007168  gioDisableNotification              
000071d0  gioGetConfigValue                   
0000738c  _coreInitRegisters_                 
00007498  _coreInitStackPointer_              
000074e4  _getCPSRValue_                      
000074ec  _gotoCPUIdle_                       
00007504  _coreEnableVfp_                     
0000751c  _coreEnableEventBusExport_          
0000752c  _coreDisableEventBusExport_         
0000753c  _coreEnableRamEcc_                  
0000754c  _coreDisableRamEcc_                 
0000755c  _coreEnableFlashEcc_                
00007570  _coreDisableFlashEcc_               
00007580  _coreEnableIrqVicOffset_            
00007590  _coreGetDataFault_                  
00007598  _coreClearDataFault_                
000075a4  _coreGetInstructionFault_           
000075ac  _coreClearInstructionFault_         
000075b8  _coreGetDataFaultAddress_           
000075c0  _coreClearDataFaultAddress_         
000075cc  _coreGetInstructionFaultAddress_    
000075d4  _coreClearInstructionFaultAddress_  
000075e0  _coreGetAuxiliaryDataFault_         
000075e8  _coreClearAuxiliaryDataFault_       
000075f4  _coreGetAuxiliaryInstructionFault_  
000075fc  _coreClearAuxiliaryInstructionFault_
00007608  _disable_interrupt_                 
00007610  _disable_FIQ_interrupt_             
00007618  _disable_IRQ_interrupt_             
00007620  _enable_interrupt_                  
00007628  _esmCcmErrorsClear_                 
000076b0  _errata_CORTEXR4_57_                
000076c0  _errata_CORTEXR4_66_                
000076d0  __TI_PINIT_Base                     
000076d4  __TI_PINIT_Limit                    
000076d8  vimParityErrorHandler               
000079a4  _c_int00                            
00007c20  main                                
00007cf8  adcNotification                     
00007d0c  sciNotification                     
00007d20  esmGroup1Notification               
00007d30  esmGroup2Notification               
00007d58  esmHighInterrupt                    
00007e6c  _dabort                             
00007f74  memoryPort0TestFailNotification     
00007f90  memoryPort1TestFailNotification     
00007fc0  gioNotification                     
00007fe8  pwmNotification                     
00008000  edgeNotification                    
00008014  hetNotification                     
00008028  dmaGroupANotification               
0000803d  floor                               
0000803d  floorl                              
0000811c  _pmuInit_                           
00008168  _pmuEnableCountersGlobal_           
00008178  _pmuDisableCountersGlobal_          
00008188  _pmuResetCycleCounter_              
00008198  _pmuResetEventCounters_             
000081a8  _pmuResetCounters_                  
000081b8  _pmuStartCounters_                  
000081c0  _pmuStopCounters_                   
000081c8  _pmuSetCountEvent_                  
000081d4  _pmuGetCycleCount_                  
000081dc  _pmuGetEventCount_                  
000081e8  _pmuGetOverflow_                    
000081fd  __aeabi_memcpy                      
000081fd  __aeabi_memcpy4                     
000081fd  __aeabi_memcpy8                     
000081fd  memcpy                              
00008299  __aeabi_memclr                      
00008299  __aeabi_memclr4                     
00008299  __aeabi_memclr8                     
0000829b  __aeabi_memset                      
0000829b  __aeabi_memset4                     
0000829b  __aeabi_memset8                     
000082a1  memset                              
00008313  __aeabi_idiv0                       
00008315  __TI_auto_init                      
00008385  __TI_decompress_lzss                
000083f1  ltoa                                
00008445  C$$EXIT                             
00008449  abort                               
00008451  exit                                
00008494  __aeabi_uidiv                       
00008494  __aeabi_uidivmod                    
000084e5  copy_in                             
00008531  _register_unlock                    
00008537  _register_lock                      
0000853f  _nop                                
00008545  __TI_decompress_none                
00008553  __TI_zero_init                      
0000855f  _system_post_cinit                  
00008560  phantomInterrupt                    
00008b68  __TI_Handler_Table_Base             
00008b74  __TI_Handler_Table_Limit            
00008b80  __TI_CINIT_Base                     
00008b90  __TI_CINIT_Limit                    
08001528  command                             
08001530  __TI_cleanup_ptr                    
08001534  __TI_dtors_ptr                      
08001538  __TI_enable_exit_profile_output     
0800153c  _lock                               
08001540  _unlock                             
ffffffff  __TI_pprof_out_hndl                 
ffffffff  __TI_prof_data_size                 
ffffffff  __TI_prof_data_start                
ffffffff  __binit__                           
ffffffff  __c_args__                          
ffffffff  binit                               
UNDEFED   SHT$$INIT_ARRAY$$Base               
UNDEFED   SHT$$INIT_ARRAY$$Limit              

[257 symbols]
